Archive member included to satisfy reference by file (symbol)

../nios_sys_bsp/\libhal_bsp.a(alt_load.o)
                              ../nios_sys_bsp//obj/HAL/src/crt0.o (alt_load)
../nios_sys_bsp/\libhal_bsp.a(alt_main.o)
                              ../nios_sys_bsp//obj/HAL/src/crt0.o (alt_main)
../nios_sys_bsp/\libhal_bsp.a(alt_sys_init.o)
                              ../nios_sys_bsp/\libhal_bsp.a(alt_main.o) (alt_irq_init)
../nios_sys_bsp/\libhal_bsp.a(altera_avalon_jtag_uart_fd.o)
                              ../nios_sys_bsp/\libhal_bsp.a(alt_sys_init.o) (altera_avalon_jtag_uart_read_fd)
../nios_sys_bsp/\libhal_bsp.a(altera_avalon_jtag_uart_init.o)
                              ../nios_sys_bsp/\libhal_bsp.a(alt_sys_init.o) (altera_avalon_jtag_uart_init)
../nios_sys_bsp/\libhal_bsp.a(altera_avalon_jtag_uart_ioctl.o)
                              ../nios_sys_bsp/\libhal_bsp.a(altera_avalon_jtag_uart_fd.o) (altera_avalon_jtag_uart_ioctl)
../nios_sys_bsp/\libhal_bsp.a(altera_avalon_jtag_uart_read.o)
                              ../nios_sys_bsp/\libhal_bsp.a(altera_avalon_jtag_uart_fd.o) (altera_avalon_jtag_uart_read)
../nios_sys_bsp/\libhal_bsp.a(altera_avalon_jtag_uart_write.o)
                              ../nios_sys_bsp/\libhal_bsp.a(altera_avalon_jtag_uart_fd.o) (altera_avalon_jtag_uart_write)
../nios_sys_bsp/\libhal_bsp.a(alt_alarm_start.o)
                              ../nios_sys_bsp/\libhal_bsp.a(altera_avalon_jtag_uart_init.o) (alt_alarm_start)
../nios_sys_bsp/\libhal_bsp.a(alt_close.o)
                              ../nios_sys_bsp/\libhal_bsp.a(alt_main.o) (close)
../nios_sys_bsp/\libhal_bsp.a(alt_dcache_flush_all.o)
                              ../nios_sys_bsp/\libhal_bsp.a(alt_load.o) (alt_dcache_flush_all)
../nios_sys_bsp/\libhal_bsp.a(alt_dev.o)
                              ../nios_sys_bsp/\libhal_bsp.a(alt_sys_init.o) (alt_dev_list)
../nios_sys_bsp/\libhal_bsp.a(alt_dev_llist_insert.o)
                              ../nios_sys_bsp/\libhal_bsp.a(alt_sys_init.o) (alt_dev_llist_insert)
../nios_sys_bsp/\libhal_bsp.a(alt_do_ctors.o)
                              ../nios_sys_bsp/\libhal_bsp.a(alt_main.o) (_do_ctors)
../nios_sys_bsp/\libhal_bsp.a(alt_do_dtors.o)
                              ../nios_sys_bsp/\libhal_bsp.a(alt_main.o) (_do_dtors)
../nios_sys_bsp/\libhal_bsp.a(alt_errno.o)
                              ../nios_sys_bsp/\libhal_bsp.a(alt_close.o) (alt_errno)
../nios_sys_bsp/\libhal_bsp.a(alt_icache_flush_all.o)
                              ../nios_sys_bsp/\libhal_bsp.a(alt_load.o) (alt_icache_flush_all)
../nios_sys_bsp/\libhal_bsp.a(alt_iic.o)
                              ../nios_sys_bsp/\libhal_bsp.a(altera_avalon_jtag_uart_init.o) (alt_ic_isr_register)
../nios_sys_bsp/\libhal_bsp.a(alt_iic_isr_register.o)
                              ../nios_sys_bsp/\libhal_bsp.a(alt_iic.o) (alt_iic_isr_register)
../nios_sys_bsp/\libhal_bsp.a(alt_io_redirect.o)
                              ../nios_sys_bsp/\libhal_bsp.a(alt_main.o) (alt_io_redirect)
../nios_sys_bsp/\libhal_bsp.a(alt_irq_entry.o)
                              ../nios_sys_bsp/\libhal_bsp.a(alt_iic_isr_register.o) (alt_irq_entry)
../nios_sys_bsp/\libhal_bsp.a(alt_irq_handler.o)
                              ../nios_sys_bsp/\libhal_bsp.a(alt_iic_isr_register.o) (alt_irq)
../nios_sys_bsp/\libhal_bsp.a(alt_irq_vars.o)
                              ../nios_sys_bsp/\libhal_bsp.a(alt_iic.o) (alt_irq_active)
../nios_sys_bsp/\libhal_bsp.a(alt_open.o)
                              ../nios_sys_bsp/\libhal_bsp.a(alt_io_redirect.o) (open)
../nios_sys_bsp/\libhal_bsp.a(alt_release_fd.o)
                              ../nios_sys_bsp/\libhal_bsp.a(alt_close.o) (alt_release_fd)
../nios_sys_bsp/\libhal_bsp.a(alt_tick.o)
                              ../nios_sys_bsp/\libhal_bsp.a(altera_avalon_jtag_uart_init.o) (_alt_tick_rate)
../nios_sys_bsp/\libhal_bsp.a(altera_nios2_gen2_irq.o)
                              ../nios_sys_bsp/\libhal_bsp.a(alt_sys_init.o) (altera_nios2_gen2_irq_init)
../nios_sys_bsp/\libhal_bsp.a(alt_exception_entry.o)
                              ../nios_sys_bsp/\libhal_bsp.a(alt_irq_entry.o) (alt_exception)
../nios_sys_bsp/\libhal_bsp.a(alt_find_dev.o)
                              ../nios_sys_bsp/\libhal_bsp.a(alt_open.o) (alt_find_dev)
../nios_sys_bsp/\libhal_bsp.a(alt_find_file.o)
                              ../nios_sys_bsp/\libhal_bsp.a(alt_open.o) (alt_find_file)
../nios_sys_bsp/\libhal_bsp.a(alt_get_fd.o)
                              ../nios_sys_bsp/\libhal_bsp.a(alt_open.o) (alt_get_fd)
../nios_sys_bsp/\libhal_bsp.a(alt_instruction_exception_entry.o)
                              ../nios_sys_bsp/\libhal_bsp.a(alt_exception_entry.o) (alt_instruction_exception_entry)
c:/intelfpga_lite/18.1/nios2eds/bin/gnu/h-x86_64-mingw32/bin/../lib/gcc/nios2-elf/5.3.0/../../../../../H-x86_64-mingw32/nios2-elf/lib/mno-hw-mul\libc.a(lib_a-atexit.o)
                              ../nios_sys_bsp/\libhal_bsp.a(alt_main.o) (atexit)
c:/intelfpga_lite/18.1/nios2eds/bin/gnu/h-x86_64-mingw32/bin/../lib/gcc/nios2-elf/5.3.0/../../../../../H-x86_64-mingw32/nios2-elf/lib/mno-hw-mul\libc.a(lib_a-exit.o)
                              ../nios_sys_bsp/\libhal_bsp.a(alt_main.o) (exit)
c:/intelfpga_lite/18.1/nios2eds/bin/gnu/h-x86_64-mingw32/bin/../lib/gcc/nios2-elf/5.3.0/../../../../../H-x86_64-mingw32/nios2-elf/lib/mno-hw-mul\libc.a(lib_a-impure.o)
                              c:/intelfpga_lite/18.1/nios2eds/bin/gnu/h-x86_64-mingw32/bin/../lib/gcc/nios2-elf/5.3.0/../../../../../H-x86_64-mingw32/nios2-elf/lib/mno-hw-mul\libc.a(lib_a-exit.o) (_global_impure_ptr)
c:/intelfpga_lite/18.1/nios2eds/bin/gnu/h-x86_64-mingw32/bin/../lib/gcc/nios2-elf/5.3.0/../../../../../H-x86_64-mingw32/nios2-elf/lib/mno-hw-mul\libc.a(lib_a-int_errno.o)
                              ../nios_sys_bsp/\libhal_bsp.a(alt_close.o) (errno)
c:/intelfpga_lite/18.1/nios2eds/bin/gnu/h-x86_64-mingw32/bin/../lib/gcc/nios2-elf/5.3.0/../../../../../H-x86_64-mingw32/nios2-elf/lib/mno-hw-mul\libc.a(lib_a-memcmp.o)
                              ../nios_sys_bsp/\libhal_bsp.a(alt_find_dev.o) (memcmp)
c:/intelfpga_lite/18.1/nios2eds/bin/gnu/h-x86_64-mingw32/bin/../lib/gcc/nios2-elf/5.3.0/../../../../../H-x86_64-mingw32/nios2-elf/lib/mno-hw-mul\libc.a(lib_a-memcpy.o)
                              ../nios_sys_bsp/\libhal_bsp.a(altera_avalon_jtag_uart_read.o) (memcpy)
c:/intelfpga_lite/18.1/nios2eds/bin/gnu/h-x86_64-mingw32/bin/../lib/gcc/nios2-elf/5.3.0/../../../../../H-x86_64-mingw32/nios2-elf/lib/mno-hw-mul\libc.a(lib_a-strlen.o)
                              ../nios_sys_bsp/\libhal_bsp.a(alt_find_dev.o) (strlen)
c:/intelfpga_lite/18.1/nios2eds/bin/gnu/h-x86_64-mingw32/bin/../lib/gcc/nios2-elf/5.3.0/../../../../../H-x86_64-mingw32/nios2-elf/lib/mno-hw-mul\libc.a(lib_a-__atexit.o)
                              c:/intelfpga_lite/18.1/nios2eds/bin/gnu/h-x86_64-mingw32/bin/../lib/gcc/nios2-elf/5.3.0/../../../../../H-x86_64-mingw32/nios2-elf/lib/mno-hw-mul\libc.a(lib_a-atexit.o) (__register_exitproc)
c:/intelfpga_lite/18.1/nios2eds/bin/gnu/h-x86_64-mingw32/bin/../lib/gcc/nios2-elf/5.3.0/../../../../../H-x86_64-mingw32/nios2-elf/lib/mno-hw-mul\libc.a(lib_a-__call_atexit.o)
                              c:/intelfpga_lite/18.1/nios2eds/bin/gnu/h-x86_64-mingw32/bin/../lib/gcc/nios2-elf/5.3.0/../../../../../H-x86_64-mingw32/nios2-elf/lib/mno-hw-mul\libc.a(lib_a-exit.o) (__call_exitprocs)
c:/intelfpga_lite/18.1/nios2eds/bin/gnu/h-x86_64-mingw32/bin/../lib/gcc/nios2-elf/5.3.0/mno-hw-mul\libgcc.a(lib2-mul.o)
                              ../nios_sys_bsp/\libhal_bsp.a(alt_close.o) (__mulsi3)
../nios_sys_bsp/\libhal_bsp.a(alt_exit.o)
                              c:/intelfpga_lite/18.1/nios2eds/bin/gnu/h-x86_64-mingw32/bin/../lib/gcc/nios2-elf/5.3.0/../../../../../H-x86_64-mingw32/nios2-elf/lib/mno-hw-mul\libc.a(lib_a-exit.o) (_exit)

Allocating common symbols
Common symbol       size              file

alt_irq             0x100             ../nios_sys_bsp/\libhal_bsp.a(alt_irq_handler.o)
errno               0x4               c:/intelfpga_lite/18.1/nios2eds/bin/gnu/h-x86_64-mingw32/bin/../lib/gcc/nios2-elf/5.3.0/../../../../../H-x86_64-mingw32/nios2-elf/lib/mno-hw-mul\libc.a(lib_a-int_errno.o)

Memory Configuration

Name             Origin             Length             Attributes
reset            0x0000000000008000 0x0000000000000020
onchip_memory2_0 0x0000000000008020 0x0000000000007fe0
*default*        0x0000000000000000 0xffffffffffffffff

Linker script and memory map

LOAD ../nios_sys_bsp//obj/HAL/src/crt0.o
LOAD obj/default/find_max.o
LOAD c:/intelfpga_lite/18.1/nios2eds/bin/gnu/h-x86_64-mingw32/bin/../lib/gcc/nios2-elf/5.3.0/../../../../../H-x86_64-mingw32/nios2-elf/lib/mno-hw-mul\libstdc++.a
LOAD c:/intelfpga_lite/18.1/nios2eds/bin/gnu/h-x86_64-mingw32/bin/../lib/gcc/nios2-elf/5.3.0/../../../../../H-x86_64-mingw32/nios2-elf/lib/mno-hw-mul\libm.a
LOAD c:/intelfpga_lite/18.1/nios2eds/bin/gnu/h-x86_64-mingw32/bin/../lib/gcc/nios2-elf/5.3.0/mno-hw-mul\libgcc.a
START GROUP
LOAD c:/intelfpga_lite/18.1/nios2eds/bin/gnu/h-x86_64-mingw32/bin/../lib/gcc/nios2-elf/5.3.0/../../../../../H-x86_64-mingw32/nios2-elf/lib/mno-hw-mul\libc.a
LOAD c:/intelfpga_lite/18.1/nios2eds/bin/gnu/h-x86_64-mingw32/bin/../lib/gcc/nios2-elf/5.3.0/mno-hw-mul\libgcc.a
LOAD ../nios_sys_bsp/\libhal_bsp.a
LOAD c:/intelfpga_lite/18.1/nios2eds/bin/gnu/h-x86_64-mingw32/bin/../lib/gcc/nios2-elf/5.3.0/../../../../../H-x86_64-mingw32/nios2-elf/lib/mno-hw-mul\libm.a
END GROUP
LOAD c:/intelfpga_lite/18.1/nios2eds/bin/gnu/h-x86_64-mingw32/bin/../lib/gcc/nios2-elf/5.3.0/mno-hw-mul\libgcc.a
                0x0000000000008000                __alt_mem_onchip_memory2_0 = 0x8000

.entry          0x0000000000008000       0x20
 *(.entry)
 .entry         0x0000000000008000       0x20 ../nios_sys_bsp//obj/HAL/src/crt0.o
                0x0000000000008000                __reset

.exceptions     0x0000000000008020      0x210
                0x0000000000008020                PROVIDE (__ram_exceptions_start, ABSOLUTE (.))
                0x0000000000008020                . = ALIGN (0x20)
 *(.irq)
 *(.exceptions.entry.label)
 .exceptions.entry.label
                0x0000000000008020        0x0 ../nios_sys_bsp/\libhal_bsp.a(alt_irq_entry.o)
                0x0000000000008020                alt_irq_entry
 .exceptions.entry.label
                0x0000000000008020        0x0 ../nios_sys_bsp/\libhal_bsp.a(alt_exception_entry.o)
                0x0000000000008020                alt_exception
 *(.exceptions.entry.user)
 *(.exceptions.entry.ecc_fatal)
 *(.exceptions.entry)
 .exceptions.entry
                0x0000000000008020       0x54 ../nios_sys_bsp/\libhal_bsp.a(alt_exception_entry.o)
 *(.exceptions.irqtest.user)
 *(.exceptions.irqtest)
 .exceptions.irqtest
                0x0000000000008074       0x10 ../nios_sys_bsp/\libhal_bsp.a(alt_irq_entry.o)
 *(.exceptions.irqhandler.user)
 *(.exceptions.irqhandler)
 .exceptions.irqhandler
                0x0000000000008084        0x4 ../nios_sys_bsp/\libhal_bsp.a(alt_irq_entry.o)
 *(.exceptions.irqreturn.user)
 *(.exceptions.irqreturn)
 .exceptions.irqreturn
                0x0000000000008088        0x4 ../nios_sys_bsp/\libhal_bsp.a(alt_irq_entry.o)
 *(.exceptions.notirq.label)
 .exceptions.notirq.label
                0x000000000000808c        0x0 ../nios_sys_bsp/\libhal_bsp.a(alt_irq_entry.o)
 *(.exceptions.notirq.user)
 *(.exceptions.notirq)
 .exceptions.notirq
                0x000000000000808c        0x8 ../nios_sys_bsp/\libhal_bsp.a(alt_exception_entry.o)
 *(.exceptions.soft.user)
 *(.exceptions.soft)
 *(.exceptions.unknown.user)
 *(.exceptions.unknown)
 .exceptions.unknown
                0x0000000000008094       0x14 ../nios_sys_bsp/\libhal_bsp.a(alt_exception_entry.o)
 *(.exceptions.exit.label)
 .exceptions.exit.label
                0x00000000000080a8        0x0 ../nios_sys_bsp/\libhal_bsp.a(alt_irq_entry.o)
 .exceptions.exit.label
                0x00000000000080a8        0x0 ../nios_sys_bsp/\libhal_bsp.a(alt_exception_entry.o)
 *(.exceptions.exit.user)
 *(.exceptions.exit)
 .exceptions.exit
                0x00000000000080a8       0x54 ../nios_sys_bsp/\libhal_bsp.a(alt_exception_entry.o)
 *(.exceptions)
 .exceptions    0x00000000000080fc       0xd4 ../nios_sys_bsp/\libhal_bsp.a(alt_irq_handler.o)
                0x00000000000080fc                alt_irq_handler
 .exceptions    0x00000000000081d0       0x60 ../nios_sys_bsp/\libhal_bsp.a(alt_instruction_exception_entry.o)
                0x00000000000081d0                alt_instruction_exception_entry
                0x0000000000008230                PROVIDE (__ram_exceptions_end, ABSOLUTE (.))
                0x0000000000008020                PROVIDE (__flash_exceptions_start, LOADADDR (.exceptions))

.text           0x0000000000008230     0x22d0
                [!provide]                        PROVIDE (stext, ABSOLUTE (.))
 *(.interp)
 *(.hash)
 *(.dynsym)
 *(.dynstr)
 *(.gnu.version)
 *(.gnu.version_d)
 *(.gnu.version_r)
 *(.rel.init)
 *(.rela.init)
 *(.rel.text .rel.text.* .rel.gnu.linkonce.t.*)
 *(.rela.text .rela.text.* .rela.gnu.linkonce.t.*)
 *(.rel.fini)
 *(.rela.fini)
 *(.rel.rodata .rel.rodata.* .rel.gnu.linkonce.r.*)
 *(.rela.rodata .rela.rodata.* .rela.gnu.linkonce.r.*)
 *(.rel.data .rel.data.* .rel.gnu.linkonce.d.*)
 *(.rela.data .rela.data.* .rela.gnu.linkonce.d.*)
 *(.rel.tdata .rel.tdata.* .rel.gnu.linkonce.td.*)
 *(.rela.tdata .rela.tdata.* .rela.gnu.linkonce.td.*)
 *(.rel.tbss .rel.tbss.* .rel.gnu.linkonce.tb.*)
 *(.rela.tbss .rela.tbss.* .rela.gnu.linkonce.tb.*)
 *(.rel.ctors)
 *(.rela.ctors)
 *(.rel.dtors)
 *(.rela.dtors)
 *(.rel.got)
 *(.rela.got)
 *(.rel.sdata .rel.sdata.* .rel.gnu.linkonce.s.*)
 *(.rela.sdata .rela.sdata.* .rela.gnu.linkonce.s.*)
 *(.rel.sbss .rel.sbss.* .rel.gnu.linkonce.sb.*)
 *(.rela.sbss .rela.sbss.* .rela.gnu.linkonce.sb.*)
 *(.rel.sdata2 .rel.sdata2.* .rel.gnu.linkonce.s2.*)
 *(.rela.sdata2 .rela.sdata2.* .rela.gnu.linkonce.s2.*)
 *(.rel.sbss2 .rel.sbss2.* .rel.gnu.linkonce.sb2.*)
 *(.rela.sbss2 .rela.sbss2.* .rela.gnu.linkonce.sb2.*)
 *(.rel.bss .rel.bss.* .rel.gnu.linkonce.b.*)
 *(.rela.bss .rela.bss.* .rela.gnu.linkonce.b.*)
 *(.rel.plt)
 *(.rela.plt)
 *(.rel.dyn)
 *(.init)
 *(.plt)
 *(.text .stub .text.* .gnu.linkonce.t.*)
 .text          0x0000000000008230       0x3c ../nios_sys_bsp//obj/HAL/src/crt0.o
                0x0000000000008230                _start
 .text          0x000000000000826c       0x5c obj/default/find_max.o
                0x000000000000826c                main
 .text          0x00000000000082c8       0xec ../nios_sys_bsp/\libhal_bsp.a(alt_load.o)
                0x0000000000008330                alt_load
 .text          0x00000000000083b4       0x7c ../nios_sys_bsp/\libhal_bsp.a(alt_main.o)
                0x00000000000083b4                alt_main
 .text          0x0000000000008430       0xb8 ../nios_sys_bsp/\libhal_bsp.a(alt_sys_init.o)
                0x0000000000008464                alt_irq_init
                0x000000000000849c                alt_sys_init
 .text          0x00000000000084e8      0x164 ../nios_sys_bsp/\libhal_bsp.a(altera_avalon_jtag_uart_fd.o)
                0x00000000000084e8                altera_avalon_jtag_uart_read_fd
                0x0000000000008548                altera_avalon_jtag_uart_write_fd
                0x00000000000085a8                altera_avalon_jtag_uart_close_fd
                0x00000000000085f8                altera_avalon_jtag_uart_ioctl_fd
 .text          0x000000000000864c      0x3d4 ../nios_sys_bsp/\libhal_bsp.a(altera_avalon_jtag_uart_init.o)
                0x000000000000864c                altera_avalon_jtag_uart_init
                0x00000000000089b8                altera_avalon_jtag_uart_close
 .text          0x0000000000008a20       0xf0 ../nios_sys_bsp/\libhal_bsp.a(altera_avalon_jtag_uart_ioctl.o)
                0x0000000000008a20                altera_avalon_jtag_uart_ioctl
 .text          0x0000000000008b10      0x21c ../nios_sys_bsp/\libhal_bsp.a(altera_avalon_jtag_uart_read.o)
                0x0000000000008b10                altera_avalon_jtag_uart_read
 .text          0x0000000000008d2c      0x224 ../nios_sys_bsp/\libhal_bsp.a(altera_avalon_jtag_uart_write.o)
                0x0000000000008d2c                altera_avalon_jtag_uart_write
 .text          0x0000000000008f50      0x12c ../nios_sys_bsp/\libhal_bsp.a(alt_alarm_start.o)
                0x0000000000008f50                alt_alarm_start
 .text          0x000000000000907c      0x114 ../nios_sys_bsp/\libhal_bsp.a(alt_close.o)
                0x00000000000090b8                close
 .text          0x0000000000009190       0x20 ../nios_sys_bsp/\libhal_bsp.a(alt_dcache_flush_all.o)
                0x0000000000009190                alt_dcache_flush_all
 .text          0x00000000000091b0       0x2c ../nios_sys_bsp/\libhal_bsp.a(alt_dev.o)
 .text          0x00000000000091dc       0xe0 ../nios_sys_bsp/\libhal_bsp.a(alt_dev_llist_insert.o)
                0x0000000000009218                alt_dev_llist_insert
 .text          0x00000000000092bc       0x60 ../nios_sys_bsp/\libhal_bsp.a(alt_do_ctors.o)
                0x00000000000092bc                _do_ctors
 .text          0x000000000000931c       0x60 ../nios_sys_bsp/\libhal_bsp.a(alt_do_dtors.o)
                0x000000000000931c                _do_dtors
 .text          0x000000000000937c        0x0 ../nios_sys_bsp/\libhal_bsp.a(alt_errno.o)
 .text          0x000000000000937c       0x20 ../nios_sys_bsp/\libhal_bsp.a(alt_icache_flush_all.o)
                0x000000000000937c                alt_icache_flush_all
 .text          0x000000000000939c      0x1b0 ../nios_sys_bsp/\libhal_bsp.a(alt_iic.o)
                0x000000000000939c                alt_ic_isr_register
                0x00000000000093ec                alt_ic_irq_enable
                0x0000000000009474                alt_ic_irq_disable
                0x0000000000009500                alt_ic_irq_enabled
 .text          0x000000000000954c       0xf0 ../nios_sys_bsp/\libhal_bsp.a(alt_iic_isr_register.o)
                0x000000000000954c                alt_iic_isr_register
 .text          0x000000000000963c      0x160 ../nios_sys_bsp/\libhal_bsp.a(alt_io_redirect.o)
                0x0000000000009720                alt_io_redirect
 .text          0x000000000000979c        0x0 ../nios_sys_bsp/\libhal_bsp.a(alt_irq_entry.o)
 .text          0x000000000000979c        0x0 ../nios_sys_bsp/\libhal_bsp.a(alt_irq_handler.o)
 .text          0x000000000000979c        0x0 ../nios_sys_bsp/\libhal_bsp.a(alt_irq_vars.o)
 .text          0x000000000000979c      0x284 ../nios_sys_bsp/\libhal_bsp.a(alt_open.o)
                0x00000000000098c4                open
 .text          0x0000000000009a20       0x84 ../nios_sys_bsp/\libhal_bsp.a(alt_release_fd.o)
                0x0000000000009a20                alt_release_fd
 .text          0x0000000000009aa4      0x1a4 ../nios_sys_bsp/\libhal_bsp.a(alt_tick.o)
                0x0000000000009aa4                alt_alarm_stop
                0x0000000000009b40                alt_tick
 .text          0x0000000000009c48       0x24 ../nios_sys_bsp/\libhal_bsp.a(altera_nios2_gen2_irq.o)
                0x0000000000009c48                altera_nios2_gen2_irq_init
 .text          0x0000000000009c6c        0x0 ../nios_sys_bsp/\libhal_bsp.a(alt_exception_entry.o)
 .text          0x0000000000009c6c       0x90 ../nios_sys_bsp/\libhal_bsp.a(alt_find_dev.o)
                0x0000000000009c6c                alt_find_dev
 .text          0x0000000000009cfc      0x108 ../nios_sys_bsp/\libhal_bsp.a(alt_find_file.o)
                0x0000000000009cfc                alt_find_file
 .text          0x0000000000009e04       0xc4 ../nios_sys_bsp/\libhal_bsp.a(alt_get_fd.o)
                0x0000000000009e04                alt_get_fd
 .text          0x0000000000009ec8       0x9c ../nios_sys_bsp/\libhal_bsp.a(alt_instruction_exception_entry.o)
                0x0000000000009ec8                alt_exception_cause_generated_bad_addr
 .text          0x0000000000009f64        0x0 c:/intelfpga_lite/18.1/nios2eds/bin/gnu/h-x86_64-mingw32/bin/../lib/gcc/nios2-elf/5.3.0/../../../../../H-x86_64-mingw32/nios2-elf/lib/mno-hw-mul\libc.a(lib_a-atexit.o)
 .text.atexit   0x0000000000009f64       0x14 c:/intelfpga_lite/18.1/nios2eds/bin/gnu/h-x86_64-mingw32/bin/../lib/gcc/nios2-elf/5.3.0/../../../../../H-x86_64-mingw32/nios2-elf/lib/mno-hw-mul\libc.a(lib_a-atexit.o)
                0x0000000000009f64                atexit
 .text          0x0000000000009f78        0x0 c:/intelfpga_lite/18.1/nios2eds/bin/gnu/h-x86_64-mingw32/bin/../lib/gcc/nios2-elf/5.3.0/../../../../../H-x86_64-mingw32/nios2-elf/lib/mno-hw-mul\libc.a(lib_a-exit.o)
 .text.exit     0x0000000000009f78       0x38 c:/intelfpga_lite/18.1/nios2eds/bin/gnu/h-x86_64-mingw32/bin/../lib/gcc/nios2-elf/5.3.0/../../../../../H-x86_64-mingw32/nios2-elf/lib/mno-hw-mul\libc.a(lib_a-exit.o)
                0x0000000000009f78                exit
 .text          0x0000000000009fb0        0x0 c:/intelfpga_lite/18.1/nios2eds/bin/gnu/h-x86_64-mingw32/bin/../lib/gcc/nios2-elf/5.3.0/../../../../../H-x86_64-mingw32/nios2-elf/lib/mno-hw-mul\libc.a(lib_a-impure.o)
 .text          0x0000000000009fb0        0x0 c:/intelfpga_lite/18.1/nios2eds/bin/gnu/h-x86_64-mingw32/bin/../lib/gcc/nios2-elf/5.3.0/../../../../../H-x86_64-mingw32/nios2-elf/lib/mno-hw-mul\libc.a(lib_a-int_errno.o)
 .text          0x0000000000009fb0        0x0 c:/intelfpga_lite/18.1/nios2eds/bin/gnu/h-x86_64-mingw32/bin/../lib/gcc/nios2-elf/5.3.0/../../../../../H-x86_64-mingw32/nios2-elf/lib/mno-hw-mul\libc.a(lib_a-memcmp.o)
 .text.memcmp   0x0000000000009fb0       0x7c c:/intelfpga_lite/18.1/nios2eds/bin/gnu/h-x86_64-mingw32/bin/../lib/gcc/nios2-elf/5.3.0/../../../../../H-x86_64-mingw32/nios2-elf/lib/mno-hw-mul\libc.a(lib_a-memcmp.o)
                0x0000000000009fb0                memcmp
 .text          0x000000000000a02c        0x0 c:/intelfpga_lite/18.1/nios2eds/bin/gnu/h-x86_64-mingw32/bin/../lib/gcc/nios2-elf/5.3.0/../../../../../H-x86_64-mingw32/nios2-elf/lib/mno-hw-mul\libc.a(lib_a-memcpy.o)
 .text.memcpy   0x000000000000a02c      0x148 c:/intelfpga_lite/18.1/nios2eds/bin/gnu/h-x86_64-mingw32/bin/../lib/gcc/nios2-elf/5.3.0/../../../../../H-x86_64-mingw32/nios2-elf/lib/mno-hw-mul\libc.a(lib_a-memcpy.o)
                0x000000000000a02c                memcpy
 .text          0x000000000000a174        0x0 c:/intelfpga_lite/18.1/nios2eds/bin/gnu/h-x86_64-mingw32/bin/../lib/gcc/nios2-elf/5.3.0/../../../../../H-x86_64-mingw32/nios2-elf/lib/mno-hw-mul\libc.a(lib_a-strlen.o)
 .text.strlen   0x000000000000a174       0x98 c:/intelfpga_lite/18.1/nios2eds/bin/gnu/h-x86_64-mingw32/bin/../lib/gcc/nios2-elf/5.3.0/../../../../../H-x86_64-mingw32/nios2-elf/lib/mno-hw-mul\libc.a(lib_a-strlen.o)
                0x000000000000a174                strlen
 .text          0x000000000000a20c        0x0 c:/intelfpga_lite/18.1/nios2eds/bin/gnu/h-x86_64-mingw32/bin/../lib/gcc/nios2-elf/5.3.0/../../../../../H-x86_64-mingw32/nios2-elf/lib/mno-hw-mul\libc.a(lib_a-__atexit.o)
 .text.__register_exitproc
                0x000000000000a20c      0x118 c:/intelfpga_lite/18.1/nios2eds/bin/gnu/h-x86_64-mingw32/bin/../lib/gcc/nios2-elf/5.3.0/../../../../../H-x86_64-mingw32/nios2-elf/lib/mno-hw-mul\libc.a(lib_a-__atexit.o)
                0x000000000000a20c                __register_exitproc
 .text          0x000000000000a324        0x0 c:/intelfpga_lite/18.1/nios2eds/bin/gnu/h-x86_64-mingw32/bin/../lib/gcc/nios2-elf/5.3.0/../../../../../H-x86_64-mingw32/nios2-elf/lib/mno-hw-mul\libc.a(lib_a-__call_atexit.o)
 .text.__call_exitprocs
                0x000000000000a324      0x180 c:/intelfpga_lite/18.1/nios2eds/bin/gnu/h-x86_64-mingw32/bin/../lib/gcc/nios2-elf/5.3.0/../../../../../H-x86_64-mingw32/nios2-elf/lib/mno-hw-mul\libc.a(lib_a-__call_atexit.o)
                0x000000000000a324                __call_exitprocs
 .text          0x000000000000a4a4       0x28 c:/intelfpga_lite/18.1/nios2eds/bin/gnu/h-x86_64-mingw32/bin/../lib/gcc/nios2-elf/5.3.0/mno-hw-mul\libgcc.a(lib2-mul.o)
                0x000000000000a4a4                __mulsi3
 .text          0x000000000000a4cc       0x34 ../nios_sys_bsp/\libhal_bsp.a(alt_exit.o)
                0x000000000000a4cc                _exit
 *(.gnu.warning.*)
 *(.fini)
                [!provide]                        PROVIDE (__etext, ABSOLUTE (.))
                [!provide]                        PROVIDE (_etext, ABSOLUTE (.))
                [!provide]                        PROVIDE (etext, ABSOLUTE (.))
 *(.eh_frame_hdr)
                0x000000000000a500                . = ALIGN (0x4)
                [!provide]                        PROVIDE (__preinit_array_start, ABSOLUTE (.))
 *(.preinit_array)
                [!provide]                        PROVIDE (__preinit_array_end, ABSOLUTE (.))
                [!provide]                        PROVIDE (__init_array_start, ABSOLUTE (.))
 *(.init_array)
                [!provide]                        PROVIDE (__init_array_end, ABSOLUTE (.))
                [!provide]                        PROVIDE (__fini_array_start, ABSOLUTE (.))
 *(.fini_array)
                [!provide]                        PROVIDE (__fini_array_end, ABSOLUTE (.))
 *(.eh_frame)
 *(.gcc_except_table .gcc_except_table.*)
 *(.dynamic)
                0x000000000000a500                PROVIDE (__CTOR_LIST__, ABSOLUTE (.))
 *(.ctors)
 *(SORT(.ctors.*))
                0x000000000000a500                PROVIDE (__CTOR_END__, ABSOLUTE (.))
                0x000000000000a500                PROVIDE (__DTOR_LIST__, ABSOLUTE (.))
 *(.dtors)
 *(SORT(.dtors.*))
                0x000000000000a500                PROVIDE (__DTOR_END__, ABSOLUTE (.))
 *(.jcr)
                0x000000000000a500                . = ALIGN (0x4)

.rodata         0x000000000000a500       0x38
                0x000000000000a500                PROVIDE (__ram_rodata_start, ABSOLUTE (.))
                0x000000000000a500                . = ALIGN (0x4)
 *(.rodata .rodata.* .gnu.linkonce.r.*)
 .rodata        0x000000000000a500       0x11 ../nios_sys_bsp/\libhal_bsp.a(alt_main.o)
 *fill*         0x000000000000a511        0x3 
 .rodata        0x000000000000a514       0x11 ../nios_sys_bsp/\libhal_bsp.a(alt_sys_init.o)
 *fill*         0x000000000000a525        0x3 
 .rodata        0x000000000000a528        0xa ../nios_sys_bsp/\libhal_bsp.a(alt_dev.o)
 *fill*         0x000000000000a532        0x2 
 .rodata.str1.4
                0x000000000000a534        0x4 c:/intelfpga_lite/18.1/nios2eds/bin/gnu/h-x86_64-mingw32/bin/../lib/gcc/nios2-elf/5.3.0/../../../../../H-x86_64-mingw32/nios2-elf/lib/mno-hw-mul\libc.a(lib_a-impure.o)
                                          0x2 (size before relaxing)
 *(.rodata1)
                0x000000000000a538                . = ALIGN (0x4)
                0x000000000000a538                PROVIDE (__ram_rodata_end, ABSOLUTE (.))
                0x000000000000a500                PROVIDE (__flash_rodata_start, LOADADDR (.rodata))

.rwdata         0x000000000000a538     0x1658 load address 0x000000000000bb90
                0x000000000000a538                PROVIDE (__ram_rwdata_start, ABSOLUTE (.))
                0x000000000000a538                . = ALIGN (0x4)
 *(.got.plt)
 *(.got)
 *(.data1)
 *(.data .data.* .gnu.linkonce.d.*)
 .data          0x000000000000a538        0x0 ../nios_sys_bsp//obj/HAL/src/crt0.o
 .data          0x000000000000a538        0x0 obj/default/find_max.o
 .data          0x000000000000a538        0x0 ../nios_sys_bsp/\libhal_bsp.a(alt_load.o)
 .data          0x000000000000a538        0x0 ../nios_sys_bsp/\libhal_bsp.a(alt_main.o)
 .data          0x000000000000a538     0x1060 ../nios_sys_bsp/\libhal_bsp.a(alt_sys_init.o)
 .data          0x000000000000b598        0x0 ../nios_sys_bsp/\libhal_bsp.a(altera_avalon_jtag_uart_fd.o)
 .data          0x000000000000b598        0x0 ../nios_sys_bsp/\libhal_bsp.a(altera_avalon_jtag_uart_init.o)
 .data          0x000000000000b598        0x0 ../nios_sys_bsp/\libhal_bsp.a(altera_avalon_jtag_uart_ioctl.o)
 .data          0x000000000000b598        0x0 ../nios_sys_bsp/\libhal_bsp.a(altera_avalon_jtag_uart_read.o)
 .data          0x000000000000b598        0x0 ../nios_sys_bsp/\libhal_bsp.a(altera_avalon_jtag_uart_write.o)
 .data          0x000000000000b598        0x0 ../nios_sys_bsp/\libhal_bsp.a(alt_alarm_start.o)
 .data          0x000000000000b598        0x0 ../nios_sys_bsp/\libhal_bsp.a(alt_close.o)
 .data          0x000000000000b598        0x0 ../nios_sys_bsp/\libhal_bsp.a(alt_dcache_flush_all.o)
 .data          0x000000000000b598      0x1a8 ../nios_sys_bsp/\libhal_bsp.a(alt_dev.o)
                0x000000000000b598                alt_dev_null
                0x000000000000b5c0                alt_fd_list
 .data          0x000000000000b740        0x0 ../nios_sys_bsp/\libhal_bsp.a(alt_dev_llist_insert.o)
 .data          0x000000000000b740        0x0 ../nios_sys_bsp/\libhal_bsp.a(alt_do_ctors.o)
 .data          0x000000000000b740        0x0 ../nios_sys_bsp/\libhal_bsp.a(alt_do_dtors.o)
 .data          0x000000000000b740        0x0 ../nios_sys_bsp/\libhal_bsp.a(alt_errno.o)
 .data          0x000000000000b740        0x0 ../nios_sys_bsp/\libhal_bsp.a(alt_icache_flush_all.o)
 .data          0x000000000000b740        0x0 ../nios_sys_bsp/\libhal_bsp.a(alt_iic.o)
 .data          0x000000000000b740        0x0 ../nios_sys_bsp/\libhal_bsp.a(alt_iic_isr_register.o)
 .data          0x000000000000b740        0x0 ../nios_sys_bsp/\libhal_bsp.a(alt_io_redirect.o)
 .data          0x000000000000b740        0x0 ../nios_sys_bsp/\libhal_bsp.a(alt_irq_entry.o)
 .data          0x000000000000b740        0x0 ../nios_sys_bsp/\libhal_bsp.a(alt_irq_handler.o)
 .data          0x000000000000b740        0x0 ../nios_sys_bsp/\libhal_bsp.a(alt_irq_vars.o)
 .data          0x000000000000b740        0x0 ../nios_sys_bsp/\libhal_bsp.a(alt_open.o)
 .data          0x000000000000b740        0x0 ../nios_sys_bsp/\libhal_bsp.a(alt_release_fd.o)
 .data          0x000000000000b740        0x0 ../nios_sys_bsp/\libhal_bsp.a(alt_tick.o)
 .data          0x000000000000b740        0x0 ../nios_sys_bsp/\libhal_bsp.a(altera_nios2_gen2_irq.o)
 .data          0x000000000000b740        0x0 ../nios_sys_bsp/\libhal_bsp.a(alt_exception_entry.o)
 .data          0x000000000000b740        0x0 ../nios_sys_bsp/\libhal_bsp.a(alt_find_dev.o)
 .data          0x000000000000b740        0x0 ../nios_sys_bsp/\libhal_bsp.a(alt_find_file.o)
 .data          0x000000000000b740        0x0 ../nios_sys_bsp/\libhal_bsp.a(alt_get_fd.o)
 .data          0x000000000000b740        0x0 ../nios_sys_bsp/\libhal_bsp.a(alt_instruction_exception_entry.o)
 .data          0x000000000000b740        0x0 c:/intelfpga_lite/18.1/nios2eds/bin/gnu/h-x86_64-mingw32/bin/../lib/gcc/nios2-elf/5.3.0/../../../../../H-x86_64-mingw32/nios2-elf/lib/mno-hw-mul\libc.a(lib_a-atexit.o)
 .data          0x000000000000b740        0x0 c:/intelfpga_lite/18.1/nios2eds/bin/gnu/h-x86_64-mingw32/bin/../lib/gcc/nios2-elf/5.3.0/../../../../../H-x86_64-mingw32/nios2-elf/lib/mno-hw-mul\libc.a(lib_a-exit.o)
 .data          0x000000000000b740        0x0 c:/intelfpga_lite/18.1/nios2eds/bin/gnu/h-x86_64-mingw32/bin/../lib/gcc/nios2-elf/5.3.0/../../../../../H-x86_64-mingw32/nios2-elf/lib/mno-hw-mul\libc.a(lib_a-impure.o)
 .data.impure_data
                0x000000000000b740      0x424 c:/intelfpga_lite/18.1/nios2eds/bin/gnu/h-x86_64-mingw32/bin/../lib/gcc/nios2-elf/5.3.0/../../../../../H-x86_64-mingw32/nios2-elf/lib/mno-hw-mul\libc.a(lib_a-impure.o)
 .data          0x000000000000bb64        0x0 c:/intelfpga_lite/18.1/nios2eds/bin/gnu/h-x86_64-mingw32/bin/../lib/gcc/nios2-elf/5.3.0/../../../../../H-x86_64-mingw32/nios2-elf/lib/mno-hw-mul\libc.a(lib_a-int_errno.o)
 .data          0x000000000000bb64        0x0 c:/intelfpga_lite/18.1/nios2eds/bin/gnu/h-x86_64-mingw32/bin/../lib/gcc/nios2-elf/5.3.0/../../../../../H-x86_64-mingw32/nios2-elf/lib/mno-hw-mul\libc.a(lib_a-memcmp.o)
 .data          0x000000000000bb64        0x0 c:/intelfpga_lite/18.1/nios2eds/bin/gnu/h-x86_64-mingw32/bin/../lib/gcc/nios2-elf/5.3.0/../../../../../H-x86_64-mingw32/nios2-elf/lib/mno-hw-mul\libc.a(lib_a-memcpy.o)
 .data          0x000000000000bb64        0x0 c:/intelfpga_lite/18.1/nios2eds/bin/gnu/h-x86_64-mingw32/bin/../lib/gcc/nios2-elf/5.3.0/../../../../../H-x86_64-mingw32/nios2-elf/lib/mno-hw-mul\libc.a(lib_a-strlen.o)
 .data          0x000000000000bb64        0x0 c:/intelfpga_lite/18.1/nios2eds/bin/gnu/h-x86_64-mingw32/bin/../lib/gcc/nios2-elf/5.3.0/../../../../../H-x86_64-mingw32/nios2-elf/lib/mno-hw-mul\libc.a(lib_a-__atexit.o)
 .data          0x000000000000bb64        0x0 c:/intelfpga_lite/18.1/nios2eds/bin/gnu/h-x86_64-mingw32/bin/../lib/gcc/nios2-elf/5.3.0/../../../../../H-x86_64-mingw32/nios2-elf/lib/mno-hw-mul\libc.a(lib_a-__call_atexit.o)
 .data          0x000000000000bb64        0x0 c:/intelfpga_lite/18.1/nios2eds/bin/gnu/h-x86_64-mingw32/bin/../lib/gcc/nios2-elf/5.3.0/mno-hw-mul\libgcc.a(lib2-mul.o)
 .data          0x000000000000bb64        0x0 ../nios_sys_bsp/\libhal_bsp.a(alt_exit.o)
                0x0000000000013b64                _gp = ABSOLUTE ((. + 0x8000))
                [!provide]                        PROVIDE (gp, _gp)
 *(.rwdata .rwdata.*)
 *(.sdata .sdata.* .gnu.linkonce.s.*)
 .sdata         0x000000000000bb64       0x14 ../nios_sys_bsp/\libhal_bsp.a(alt_dev.o)
                0x000000000000bb64                alt_fs_list
                0x000000000000bb6c                alt_dev_list
                0x000000000000bb74                alt_max_fd
 .sdata         0x000000000000bb78        0x4 ../nios_sys_bsp/\libhal_bsp.a(alt_errno.o)
                0x000000000000bb78                alt_errno
 .sdata         0x000000000000bb7c        0x4 ../nios_sys_bsp/\libhal_bsp.a(alt_irq_vars.o)
                0x000000000000bb7c                alt_priority_mask
 .sdata         0x000000000000bb80        0x8 ../nios_sys_bsp/\libhal_bsp.a(alt_tick.o)
                0x000000000000bb80                alt_alarm_list
 .sdata._global_impure_ptr
                0x000000000000bb88        0x4 c:/intelfpga_lite/18.1/nios2eds/bin/gnu/h-x86_64-mingw32/bin/../lib/gcc/nios2-elf/5.3.0/../../../../../H-x86_64-mingw32/nios2-elf/lib/mno-hw-mul\libc.a(lib_a-impure.o)
                0x000000000000bb88                _global_impure_ptr
 .sdata._impure_ptr
                0x000000000000bb8c        0x4 c:/intelfpga_lite/18.1/nios2eds/bin/gnu/h-x86_64-mingw32/bin/../lib/gcc/nios2-elf/5.3.0/../../../../../H-x86_64-mingw32/nios2-elf/lib/mno-hw-mul\libc.a(lib_a-impure.o)
                0x000000000000bb8c                _impure_ptr
 *(.sdata2 .sdata2.* .gnu.linkonce.s2.*)
                0x000000000000bb90                . = ALIGN (0x4)
                0x000000000000bb90                _edata = ABSOLUTE (.)
                [!provide]                        PROVIDE (edata, ABSOLUTE (.))
                0x000000000000bb90                PROVIDE (__ram_rwdata_end, ABSOLUTE (.))
                0x000000000000bb90                PROVIDE (__flash_rwdata_start, LOADADDR (.rwdata))

.bss            0x000000000000d1e8      0x120
                0x000000000000d1e8                __bss_start = ABSOLUTE (.)
                [!provide]                        PROVIDE (__sbss_start, ABSOLUTE (.))
                [!provide]                        PROVIDE (___sbss_start, ABSOLUTE (.))
 *(.dynsbss)
 *(.sbss .sbss.* .gnu.linkonce.sb.*)
 .sbss          0x000000000000d1e8        0xc ../nios_sys_bsp/\libhal_bsp.a(alt_main.o)
                0x000000000000d1e8                alt_argc
                0x000000000000d1ec                alt_argv
                0x000000000000d1f0                alt_envp
 .sbss          0x000000000000d1f4        0x4 ../nios_sys_bsp/\libhal_bsp.a(alt_irq_vars.o)
                0x000000000000d1f4                alt_irq_active
 .sbss          0x000000000000d1f8        0x8 ../nios_sys_bsp/\libhal_bsp.a(alt_tick.o)
                0x000000000000d1f8                _alt_tick_rate
                0x000000000000d1fc                _alt_nticks
 .sbss          0x000000000000d200        0x4 ../nios_sys_bsp/\libhal_bsp.a(alt_instruction_exception_entry.o)
                0x000000000000d200                alt_instruction_exception_handler
 .sbss          0x000000000000d204        0x4 c:/intelfpga_lite/18.1/nios2eds/bin/gnu/h-x86_64-mingw32/bin/../lib/gcc/nios2-elf/5.3.0/../../../../../H-x86_64-mingw32/nios2-elf/lib/mno-hw-mul\libc.a(lib_a-int_errno.o)
                0x000000000000d204                errno
 *(.sbss2 .sbss2.* .gnu.linkonce.sb2.*)
 *(.scommon)
                [!provide]                        PROVIDE (__sbss_end, ABSOLUTE (.))
                [!provide]                        PROVIDE (___sbss_end, ABSOLUTE (.))
 *(.dynbss)
 *(.bss .bss.* .gnu.linkonce.b.*)
 .bss           0x000000000000d208        0x0 ../nios_sys_bsp//obj/HAL/src/crt0.o
 .bss           0x000000000000d208        0x0 obj/default/find_max.o
 .bss           0x000000000000d208        0x0 ../nios_sys_bsp/\libhal_bsp.a(alt_load.o)
 .bss           0x000000000000d208        0x0 ../nios_sys_bsp/\libhal_bsp.a(alt_main.o)
 .bss           0x000000000000d208        0x0 ../nios_sys_bsp/\libhal_bsp.a(alt_sys_init.o)
 .bss           0x000000000000d208        0x0 ../nios_sys_bsp/\libhal_bsp.a(altera_avalon_jtag_uart_fd.o)
 .bss           0x000000000000d208        0x0 ../nios_sys_bsp/\libhal_bsp.a(altera_avalon_jtag_uart_init.o)
 .bss           0x000000000000d208        0x0 ../nios_sys_bsp/\libhal_bsp.a(altera_avalon_jtag_uart_ioctl.o)
 .bss           0x000000000000d208        0x0 ../nios_sys_bsp/\libhal_bsp.a(altera_avalon_jtag_uart_read.o)
 .bss           0x000000000000d208        0x0 ../nios_sys_bsp/\libhal_bsp.a(altera_avalon_jtag_uart_write.o)
 .bss           0x000000000000d208        0x0 ../nios_sys_bsp/\libhal_bsp.a(alt_alarm_start.o)
 .bss           0x000000000000d208        0x0 ../nios_sys_bsp/\libhal_bsp.a(alt_close.o)
 .bss           0x000000000000d208        0x0 ../nios_sys_bsp/\libhal_bsp.a(alt_dcache_flush_all.o)
 .bss           0x000000000000d208        0x0 ../nios_sys_bsp/\libhal_bsp.a(alt_dev.o)
 .bss           0x000000000000d208        0x0 ../nios_sys_bsp/\libhal_bsp.a(alt_dev_llist_insert.o)
 .bss           0x000000000000d208        0x0 ../nios_sys_bsp/\libhal_bsp.a(alt_do_ctors.o)
 .bss           0x000000000000d208        0x0 ../nios_sys_bsp/\libhal_bsp.a(alt_do_dtors.o)
 .bss           0x000000000000d208        0x0 ../nios_sys_bsp/\libhal_bsp.a(alt_errno.o)
 .bss           0x000000000000d208        0x0 ../nios_sys_bsp/\libhal_bsp.a(alt_icache_flush_all.o)
 .bss           0x000000000000d208        0x0 ../nios_sys_bsp/\libhal_bsp.a(alt_iic.o)
 .bss           0x000000000000d208        0x0 ../nios_sys_bsp/\libhal_bsp.a(alt_iic_isr_register.o)
 .bss           0x000000000000d208        0x0 ../nios_sys_bsp/\libhal_bsp.a(alt_io_redirect.o)
 .bss           0x000000000000d208        0x0 ../nios_sys_bsp/\libhal_bsp.a(alt_irq_entry.o)
 .bss           0x000000000000d208        0x0 ../nios_sys_bsp/\libhal_bsp.a(alt_irq_handler.o)
 .bss           0x000000000000d208        0x0 ../nios_sys_bsp/\libhal_bsp.a(alt_irq_vars.o)
 .bss           0x000000000000d208        0x0 ../nios_sys_bsp/\libhal_bsp.a(alt_open.o)
 .bss           0x000000000000d208        0x0 ../nios_sys_bsp/\libhal_bsp.a(alt_release_fd.o)
 .bss           0x000000000000d208        0x0 ../nios_sys_bsp/\libhal_bsp.a(alt_tick.o)
 .bss           0x000000000000d208        0x0 ../nios_sys_bsp/\libhal_bsp.a(altera_nios2_gen2_irq.o)
 .bss           0x000000000000d208        0x0 ../nios_sys_bsp/\libhal_bsp.a(alt_exception_entry.o)
 .bss           0x000000000000d208        0x0 ../nios_sys_bsp/\libhal_bsp.a(alt_find_dev.o)
 .bss           0x000000000000d208        0x0 ../nios_sys_bsp/\libhal_bsp.a(alt_find_file.o)
 .bss           0x000000000000d208        0x0 ../nios_sys_bsp/\libhal_bsp.a(alt_get_fd.o)
 .bss           0x000000000000d208        0x0 ../nios_sys_bsp/\libhal_bsp.a(alt_instruction_exception_entry.o)
 .bss           0x000000000000d208        0x0 c:/intelfpga_lite/18.1/nios2eds/bin/gnu/h-x86_64-mingw32/bin/../lib/gcc/nios2-elf/5.3.0/../../../../../H-x86_64-mingw32/nios2-elf/lib/mno-hw-mul\libc.a(lib_a-atexit.o)
 .bss           0x000000000000d208        0x0 c:/intelfpga_lite/18.1/nios2eds/bin/gnu/h-x86_64-mingw32/bin/../lib/gcc/nios2-elf/5.3.0/../../../../../H-x86_64-mingw32/nios2-elf/lib/mno-hw-mul\libc.a(lib_a-exit.o)
 .bss           0x000000000000d208        0x0 c:/intelfpga_lite/18.1/nios2eds/bin/gnu/h-x86_64-mingw32/bin/../lib/gcc/nios2-elf/5.3.0/../../../../../H-x86_64-mingw32/nios2-elf/lib/mno-hw-mul\libc.a(lib_a-impure.o)
 .bss           0x000000000000d208        0x0 c:/intelfpga_lite/18.1/nios2eds/bin/gnu/h-x86_64-mingw32/bin/../lib/gcc/nios2-elf/5.3.0/../../../../../H-x86_64-mingw32/nios2-elf/lib/mno-hw-mul\libc.a(lib_a-int_errno.o)
 .bss           0x000000000000d208        0x0 c:/intelfpga_lite/18.1/nios2eds/bin/gnu/h-x86_64-mingw32/bin/../lib/gcc/nios2-elf/5.3.0/../../../../../H-x86_64-mingw32/nios2-elf/lib/mno-hw-mul\libc.a(lib_a-memcmp.o)
 .bss           0x000000000000d208        0x0 c:/intelfpga_lite/18.1/nios2eds/bin/gnu/h-x86_64-mingw32/bin/../lib/gcc/nios2-elf/5.3.0/../../../../../H-x86_64-mingw32/nios2-elf/lib/mno-hw-mul\libc.a(lib_a-memcpy.o)
 .bss           0x000000000000d208        0x0 c:/intelfpga_lite/18.1/nios2eds/bin/gnu/h-x86_64-mingw32/bin/../lib/gcc/nios2-elf/5.3.0/../../../../../H-x86_64-mingw32/nios2-elf/lib/mno-hw-mul\libc.a(lib_a-strlen.o)
 .bss           0x000000000000d208        0x0 c:/intelfpga_lite/18.1/nios2eds/bin/gnu/h-x86_64-mingw32/bin/../lib/gcc/nios2-elf/5.3.0/../../../../../H-x86_64-mingw32/nios2-elf/lib/mno-hw-mul\libc.a(lib_a-__atexit.o)
 .bss           0x000000000000d208        0x0 c:/intelfpga_lite/18.1/nios2eds/bin/gnu/h-x86_64-mingw32/bin/../lib/gcc/nios2-elf/5.3.0/../../../../../H-x86_64-mingw32/nios2-elf/lib/mno-hw-mul\libc.a(lib_a-__call_atexit.o)
 .bss           0x000000000000d208        0x0 c:/intelfpga_lite/18.1/nios2eds/bin/gnu/h-x86_64-mingw32/bin/../lib/gcc/nios2-elf/5.3.0/mno-hw-mul\libgcc.a(lib2-mul.o)
 .bss           0x000000000000d208        0x0 ../nios_sys_bsp/\libhal_bsp.a(alt_exit.o)
 *(COMMON)
 COMMON         0x000000000000d208      0x100 ../nios_sys_bsp/\libhal_bsp.a(alt_irq_handler.o)
                0x000000000000d208                alt_irq
                0x000000000000d308                . = ALIGN (0x4)
                0x000000000000d308                __bss_end = ABSOLUTE (.)

.onchip_memory2_0
                0x000000000000d308        0x0
                [!provide]                        PROVIDE (_alt_partition_onchip_memory2_0_start, ABSOLUTE (.))
 *(.onchip_memory2_0 .onchip_memory2_0. onchip_memory2_0.*)
                0x000000000000d308                . = ALIGN (0x4)
                [!provide]                        PROVIDE (_alt_partition_onchip_memory2_0_end, ABSOLUTE (.))
                0x000000000000d308                _end = ABSOLUTE (.)
                0x000000000000d308                end = ABSOLUTE (.)
                0x000000000000d308                __alt_stack_base = ABSOLUTE (.)
                [!provide]                        PROVIDE (_alt_partition_onchip_memory2_0_load_addr, LOADADDR (.onchip_memory2_0))

.stab
 *(.stab)

.stabstr
 *(.stabstr)

.stab.excl
 *(.stab.excl)

.stab.exclstr
 *(.stab.exclstr)

.stab.index
 *(.stab.index)

.stab.indexstr
 *(.stab.indexstr)

.comment        0x0000000000000000       0x23
 *(.comment)
 .comment       0x0000000000000000       0x23 ../nios_sys_bsp/\libhal_bsp.a(alt_load.o)
                                         0x24 (size before relaxing)
 .comment       0x0000000000000023       0x24 ../nios_sys_bsp/\libhal_bsp.a(alt_main.o)
 .comment       0x0000000000000023       0x24 ../nios_sys_bsp/\libhal_bsp.a(alt_sys_init.o)
 .comment       0x0000000000000023       0x24 ../nios_sys_bsp/\libhal_bsp.a(altera_avalon_jtag_uart_fd.o)
 .comment       0x0000000000000023       0x24 ../nios_sys_bsp/\libhal_bsp.a(altera_avalon_jtag_uart_init.o)
 .comment       0x0000000000000023       0x24 ../nios_sys_bsp/\libhal_bsp.a(altera_avalon_jtag_uart_ioctl.o)
 .comment       0x0000000000000023       0x24 ../nios_sys_bsp/\libhal_bsp.a(altera_avalon_jtag_uart_read.o)
 .comment       0x0000000000000023       0x24 ../nios_sys_bsp/\libhal_bsp.a(altera_avalon_jtag_uart_write.o)
 .comment       0x0000000000000023       0x24 ../nios_sys_bsp/\libhal_bsp.a(alt_alarm_start.o)
 .comment       0x0000000000000023       0x24 ../nios_sys_bsp/\libhal_bsp.a(alt_close.o)
 .comment       0x0000000000000023       0x24 ../nios_sys_bsp/\libhal_bsp.a(alt_dcache_flush_all.o)
 .comment       0x0000000000000023       0x24 ../nios_sys_bsp/\libhal_bsp.a(alt_dev.o)
 .comment       0x0000000000000023       0x24 ../nios_sys_bsp/\libhal_bsp.a(alt_dev_llist_insert.o)
 .comment       0x0000000000000023       0x24 ../nios_sys_bsp/\libhal_bsp.a(alt_do_ctors.o)
 .comment       0x0000000000000023       0x24 ../nios_sys_bsp/\libhal_bsp.a(alt_do_dtors.o)
 .comment       0x0000000000000023       0x24 ../nios_sys_bsp/\libhal_bsp.a(alt_errno.o)
 .comment       0x0000000000000023       0x24 ../nios_sys_bsp/\libhal_bsp.a(alt_icache_flush_all.o)
 .comment       0x0000000000000023       0x24 ../nios_sys_bsp/\libhal_bsp.a(alt_iic.o)
 .comment       0x0000000000000023       0x24 ../nios_sys_bsp/\libhal_bsp.a(alt_iic_isr_register.o)
 .comment       0x0000000000000023       0x24 ../nios_sys_bsp/\libhal_bsp.a(alt_io_redirect.o)
 .comment       0x0000000000000023       0x24 ../nios_sys_bsp/\libhal_bsp.a(alt_irq_handler.o)
 .comment       0x0000000000000023       0x24 ../nios_sys_bsp/\libhal_bsp.a(alt_irq_vars.o)
 .comment       0x0000000000000023       0x24 ../nios_sys_bsp/\libhal_bsp.a(alt_open.o)
 .comment       0x0000000000000023       0x24 ../nios_sys_bsp/\libhal_bsp.a(alt_release_fd.o)
 .comment       0x0000000000000023       0x24 ../nios_sys_bsp/\libhal_bsp.a(alt_tick.o)
 .comment       0x0000000000000023       0x24 ../nios_sys_bsp/\libhal_bsp.a(altera_nios2_gen2_irq.o)
 .comment       0x0000000000000023       0x24 ../nios_sys_bsp/\libhal_bsp.a(alt_find_dev.o)
 .comment       0x0000000000000023       0x24 ../nios_sys_bsp/\libhal_bsp.a(alt_find_file.o)
 .comment       0x0000000000000023       0x24 ../nios_sys_bsp/\libhal_bsp.a(alt_get_fd.o)
 .comment       0x0000000000000023       0x24 ../nios_sys_bsp/\libhal_bsp.a(alt_instruction_exception_entry.o)
 .comment       0x0000000000000023       0x24 c:/intelfpga_lite/18.1/nios2eds/bin/gnu/h-x86_64-mingw32/bin/../lib/gcc/nios2-elf/5.3.0/../../../../../H-x86_64-mingw32/nios2-elf/lib/mno-hw-mul\libc.a(lib_a-atexit.o)
 .comment       0x0000000000000023       0x24 c:/intelfpga_lite/18.1/nios2eds/bin/gnu/h-x86_64-mingw32/bin/../lib/gcc/nios2-elf/5.3.0/../../../../../H-x86_64-mingw32/nios2-elf/lib/mno-hw-mul\libc.a(lib_a-exit.o)
 .comment       0x0000000000000023       0x24 c:/intelfpga_lite/18.1/nios2eds/bin/gnu/h-x86_64-mingw32/bin/../lib/gcc/nios2-elf/5.3.0/../../../../../H-x86_64-mingw32/nios2-elf/lib/mno-hw-mul\libc.a(lib_a-impure.o)
 .comment       0x0000000000000023       0x24 c:/intelfpga_lite/18.1/nios2eds/bin/gnu/h-x86_64-mingw32/bin/../lib/gcc/nios2-elf/5.3.0/../../../../../H-x86_64-mingw32/nios2-elf/lib/mno-hw-mul\libc.a(lib_a-int_errno.o)
 .comment       0x0000000000000023       0x24 c:/intelfpga_lite/18.1/nios2eds/bin/gnu/h-x86_64-mingw32/bin/../lib/gcc/nios2-elf/5.3.0/../../../../../H-x86_64-mingw32/nios2-elf/lib/mno-hw-mul\libc.a(lib_a-memcmp.o)
 .comment       0x0000000000000023       0x24 c:/intelfpga_lite/18.1/nios2eds/bin/gnu/h-x86_64-mingw32/bin/../lib/gcc/nios2-elf/5.3.0/../../../../../H-x86_64-mingw32/nios2-elf/lib/mno-hw-mul\libc.a(lib_a-memcpy.o)
 .comment       0x0000000000000023       0x24 c:/intelfpga_lite/18.1/nios2eds/bin/gnu/h-x86_64-mingw32/bin/../lib/gcc/nios2-elf/5.3.0/../../../../../H-x86_64-mingw32/nios2-elf/lib/mno-hw-mul\libc.a(lib_a-strlen.o)
 .comment       0x0000000000000023       0x24 c:/intelfpga_lite/18.1/nios2eds/bin/gnu/h-x86_64-mingw32/bin/../lib/gcc/nios2-elf/5.3.0/../../../../../H-x86_64-mingw32/nios2-elf/lib/mno-hw-mul\libc.a(lib_a-__atexit.o)
 .comment       0x0000000000000023       0x24 c:/intelfpga_lite/18.1/nios2eds/bin/gnu/h-x86_64-mingw32/bin/../lib/gcc/nios2-elf/5.3.0/../../../../../H-x86_64-mingw32/nios2-elf/lib/mno-hw-mul\libc.a(lib_a-__call_atexit.o)
 .comment       0x0000000000000023       0x24 c:/intelfpga_lite/18.1/nios2eds/bin/gnu/h-x86_64-mingw32/bin/../lib/gcc/nios2-elf/5.3.0/mno-hw-mul\libgcc.a(lib2-mul.o)
 .comment       0x0000000000000023       0x24 ../nios_sys_bsp/\libhal_bsp.a(alt_exit.o)

.debug
 *(.debug)

.line
 *(.line)

.debug_srcinfo
 *(.debug_srcinfo)

.debug_sfnames
 *(.debug_sfnames)

.debug_aranges  0x0000000000000000      0x5b8
 *(.debug_aranges)
 .debug_aranges
                0x0000000000000000       0x28 ../nios_sys_bsp//obj/HAL/src/crt0.o
 .debug_aranges
                0x0000000000000028       0x20 obj/default/find_max.o
 .debug_aranges
                0x0000000000000048       0x20 ../nios_sys_bsp/\libhal_bsp.a(alt_load.o)
 .debug_aranges
                0x0000000000000068       0x20 ../nios_sys_bsp/\libhal_bsp.a(alt_main.o)
 .debug_aranges
                0x0000000000000088       0x20 ../nios_sys_bsp/\libhal_bsp.a(alt_sys_init.o)
 .debug_aranges
                0x00000000000000a8       0x20 ../nios_sys_bsp/\libhal_bsp.a(altera_avalon_jtag_uart_fd.o)
 .debug_aranges
                0x00000000000000c8       0x20 ../nios_sys_bsp/\libhal_bsp.a(altera_avalon_jtag_uart_init.o)
 .debug_aranges
                0x00000000000000e8       0x20 ../nios_sys_bsp/\libhal_bsp.a(altera_avalon_jtag_uart_ioctl.o)
 .debug_aranges
                0x0000000000000108       0x20 ../nios_sys_bsp/\libhal_bsp.a(altera_avalon_jtag_uart_read.o)
 .debug_aranges
                0x0000000000000128       0x20 ../nios_sys_bsp/\libhal_bsp.a(altera_avalon_jtag_uart_write.o)
 .debug_aranges
                0x0000000000000148       0x20 ../nios_sys_bsp/\libhal_bsp.a(alt_alarm_start.o)
 .debug_aranges
                0x0000000000000168       0x20 ../nios_sys_bsp/\libhal_bsp.a(alt_close.o)
 .debug_aranges
                0x0000000000000188       0x20 ../nios_sys_bsp/\libhal_bsp.a(alt_dcache_flush_all.o)
 .debug_aranges
                0x00000000000001a8       0x20 ../nios_sys_bsp/\libhal_bsp.a(alt_dev.o)
 .debug_aranges
                0x00000000000001c8       0x20 ../nios_sys_bsp/\libhal_bsp.a(alt_dev_llist_insert.o)
 .debug_aranges
                0x00000000000001e8       0x20 ../nios_sys_bsp/\libhal_bsp.a(alt_do_ctors.o)
 .debug_aranges
                0x0000000000000208       0x20 ../nios_sys_bsp/\libhal_bsp.a(alt_do_dtors.o)
 .debug_aranges
                0x0000000000000228       0x18 ../nios_sys_bsp/\libhal_bsp.a(alt_errno.o)
 .debug_aranges
                0x0000000000000240       0x20 ../nios_sys_bsp/\libhal_bsp.a(alt_icache_flush_all.o)
 .debug_aranges
                0x0000000000000260       0x20 ../nios_sys_bsp/\libhal_bsp.a(alt_iic.o)
 .debug_aranges
                0x0000000000000280       0x20 ../nios_sys_bsp/\libhal_bsp.a(alt_iic_isr_register.o)
 .debug_aranges
                0x00000000000002a0       0x20 ../nios_sys_bsp/\libhal_bsp.a(alt_io_redirect.o)
 .debug_aranges
                0x00000000000002c0       0x30 ../nios_sys_bsp/\libhal_bsp.a(alt_irq_entry.o)
 .debug_aranges
                0x00000000000002f0       0x20 ../nios_sys_bsp/\libhal_bsp.a(alt_irq_handler.o)
 .debug_aranges
                0x0000000000000310       0x18 ../nios_sys_bsp/\libhal_bsp.a(alt_irq_vars.o)
 .debug_aranges
                0x0000000000000328       0x20 ../nios_sys_bsp/\libhal_bsp.a(alt_open.o)
 .debug_aranges
                0x0000000000000348       0x20 ../nios_sys_bsp/\libhal_bsp.a(alt_release_fd.o)
 .debug_aranges
                0x0000000000000368       0x20 ../nios_sys_bsp/\libhal_bsp.a(alt_tick.o)
 .debug_aranges
                0x0000000000000388       0x20 ../nios_sys_bsp/\libhal_bsp.a(altera_nios2_gen2_irq.o)
 .debug_aranges
                0x00000000000003a8       0x38 ../nios_sys_bsp/\libhal_bsp.a(alt_exception_entry.o)
 .debug_aranges
                0x00000000000003e0       0x20 ../nios_sys_bsp/\libhal_bsp.a(alt_find_dev.o)
 .debug_aranges
                0x0000000000000400       0x20 ../nios_sys_bsp/\libhal_bsp.a(alt_find_file.o)
 .debug_aranges
                0x0000000000000420       0x20 ../nios_sys_bsp/\libhal_bsp.a(alt_get_fd.o)
 .debug_aranges
                0x0000000000000440       0x28 ../nios_sys_bsp/\libhal_bsp.a(alt_instruction_exception_entry.o)
 .debug_aranges
                0x0000000000000468       0x20 c:/intelfpga_lite/18.1/nios2eds/bin/gnu/h-x86_64-mingw32/bin/../lib/gcc/nios2-elf/5.3.0/../../../../../H-x86_64-mingw32/nios2-elf/lib/mno-hw-mul\libc.a(lib_a-atexit.o)
 .debug_aranges
                0x0000000000000488       0x20 c:/intelfpga_lite/18.1/nios2eds/bin/gnu/h-x86_64-mingw32/bin/../lib/gcc/nios2-elf/5.3.0/../../../../../H-x86_64-mingw32/nios2-elf/lib/mno-hw-mul\libc.a(lib_a-exit.o)
 .debug_aranges
                0x00000000000004a8       0x18 c:/intelfpga_lite/18.1/nios2eds/bin/gnu/h-x86_64-mingw32/bin/../lib/gcc/nios2-elf/5.3.0/../../../../../H-x86_64-mingw32/nios2-elf/lib/mno-hw-mul\libc.a(lib_a-impure.o)
 .debug_aranges
                0x00000000000004c0       0x18 c:/intelfpga_lite/18.1/nios2eds/bin/gnu/h-x86_64-mingw32/bin/../lib/gcc/nios2-elf/5.3.0/../../../../../H-x86_64-mingw32/nios2-elf/lib/mno-hw-mul\libc.a(lib_a-int_errno.o)
 .debug_aranges
                0x00000000000004d8       0x20 c:/intelfpga_lite/18.1/nios2eds/bin/gnu/h-x86_64-mingw32/bin/../lib/gcc/nios2-elf/5.3.0/../../../../../H-x86_64-mingw32/nios2-elf/lib/mno-hw-mul\libc.a(lib_a-memcmp.o)
 .debug_aranges
                0x00000000000004f8       0x20 c:/intelfpga_lite/18.1/nios2eds/bin/gnu/h-x86_64-mingw32/bin/../lib/gcc/nios2-elf/5.3.0/../../../../../H-x86_64-mingw32/nios2-elf/lib/mno-hw-mul\libc.a(lib_a-memcpy.o)
 .debug_aranges
                0x0000000000000518       0x20 c:/intelfpga_lite/18.1/nios2eds/bin/gnu/h-x86_64-mingw32/bin/../lib/gcc/nios2-elf/5.3.0/../../../../../H-x86_64-mingw32/nios2-elf/lib/mno-hw-mul\libc.a(lib_a-strlen.o)
 .debug_aranges
                0x0000000000000538       0x20 c:/intelfpga_lite/18.1/nios2eds/bin/gnu/h-x86_64-mingw32/bin/../lib/gcc/nios2-elf/5.3.0/../../../../../H-x86_64-mingw32/nios2-elf/lib/mno-hw-mul\libc.a(lib_a-__atexit.o)
 .debug_aranges
                0x0000000000000558       0x20 c:/intelfpga_lite/18.1/nios2eds/bin/gnu/h-x86_64-mingw32/bin/../lib/gcc/nios2-elf/5.3.0/../../../../../H-x86_64-mingw32/nios2-elf/lib/mno-hw-mul\libc.a(lib_a-__call_atexit.o)
 .debug_aranges
                0x0000000000000578       0x20 c:/intelfpga_lite/18.1/nios2eds/bin/gnu/h-x86_64-mingw32/bin/../lib/gcc/nios2-elf/5.3.0/mno-hw-mul\libgcc.a(lib2-mul.o)
 .debug_aranges
                0x0000000000000598       0x20 ../nios_sys_bsp/\libhal_bsp.a(alt_exit.o)

.debug_pubnames
 *(.debug_pubnames)

.debug_info     0x0000000000000000     0x748b
 *(.debug_info .gnu.linkonce.wi.*)
 .debug_info    0x0000000000000000       0x65 ../nios_sys_bsp//obj/HAL/src/crt0.o
 .debug_info    0x0000000000000065       0x61 obj/default/find_max.o
 .debug_info    0x00000000000000c6      0x145 ../nios_sys_bsp/\libhal_bsp.a(alt_load.o)
 .debug_info    0x000000000000020b      0x131 ../nios_sys_bsp/\libhal_bsp.a(alt_main.o)
 .debug_info    0x000000000000033c      0x4c3 ../nios_sys_bsp/\libhal_bsp.a(alt_sys_init.o)
 .debug_info    0x00000000000007ff      0x52e ../nios_sys_bsp/\libhal_bsp.a(altera_avalon_jtag_uart_fd.o)
 .debug_info    0x0000000000000d2d      0x3a0 ../nios_sys_bsp/\libhal_bsp.a(altera_avalon_jtag_uart_init.o)
 .debug_info    0x00000000000010cd      0x280 ../nios_sys_bsp/\libhal_bsp.a(altera_avalon_jtag_uart_ioctl.o)
 .debug_info    0x000000000000134d      0x345 ../nios_sys_bsp/\libhal_bsp.a(altera_avalon_jtag_uart_read.o)
 .debug_info    0x0000000000001692      0x340 ../nios_sys_bsp/\libhal_bsp.a(altera_avalon_jtag_uart_write.o)
 .debug_info    0x00000000000019d2      0x2cc ../nios_sys_bsp/\libhal_bsp.a(alt_alarm_start.o)
 .debug_info    0x0000000000001c9e      0x321 ../nios_sys_bsp/\libhal_bsp.a(alt_close.o)
 .debug_info    0x0000000000001fbf       0x92 ../nios_sys_bsp/\libhal_bsp.a(alt_dcache_flush_all.o)
 .debug_info    0x0000000000002051      0x49c ../nios_sys_bsp/\libhal_bsp.a(alt_dev.o)
 .debug_info    0x00000000000024ed      0x1a9 ../nios_sys_bsp/\libhal_bsp.a(alt_dev_llist_insert.o)
 .debug_info    0x0000000000002696       0x83 ../nios_sys_bsp/\libhal_bsp.a(alt_do_ctors.o)
 .debug_info    0x0000000000002719       0x83 ../nios_sys_bsp/\libhal_bsp.a(alt_do_dtors.o)
 .debug_info    0x000000000000279c       0xa6 ../nios_sys_bsp/\libhal_bsp.a(alt_errno.o)
 .debug_info    0x0000000000002842       0x92 ../nios_sys_bsp/\libhal_bsp.a(alt_icache_flush_all.o)
 .debug_info    0x00000000000028d4      0x350 ../nios_sys_bsp/\libhal_bsp.a(alt_iic.o)
 .debug_info    0x0000000000002c24      0x1ef ../nios_sys_bsp/\libhal_bsp.a(alt_iic_isr_register.o)
 .debug_info    0x0000000000002e13      0x4a5 ../nios_sys_bsp/\libhal_bsp.a(alt_io_redirect.o)
 .debug_info    0x00000000000032b8       0x6e ../nios_sys_bsp/\libhal_bsp.a(alt_irq_entry.o)
 .debug_info    0x0000000000003326      0x187 ../nios_sys_bsp/\libhal_bsp.a(alt_irq_handler.o)
 .debug_info    0x00000000000034ad       0x88 ../nios_sys_bsp/\libhal_bsp.a(alt_irq_vars.o)
 .debug_info    0x0000000000003535      0x3bb ../nios_sys_bsp/\libhal_bsp.a(alt_open.o)
 .debug_info    0x00000000000038f0      0x2b0 ../nios_sys_bsp/\libhal_bsp.a(alt_release_fd.o)
 .debug_info    0x0000000000003ba0      0x299 ../nios_sys_bsp/\libhal_bsp.a(alt_tick.o)
 .debug_info    0x0000000000003e39       0x92 ../nios_sys_bsp/\libhal_bsp.a(altera_nios2_gen2_irq.o)
 .debug_info    0x0000000000003ecb       0x74 ../nios_sys_bsp/\libhal_bsp.a(alt_exception_entry.o)
 .debug_info    0x0000000000003f3f      0x2e9 ../nios_sys_bsp/\libhal_bsp.a(alt_find_dev.o)
 .debug_info    0x0000000000004228      0x2e6 ../nios_sys_bsp/\libhal_bsp.a(alt_find_file.o)
 .debug_info    0x000000000000450e      0x310 ../nios_sys_bsp/\libhal_bsp.a(alt_get_fd.o)
 .debug_info    0x000000000000481e      0x1e7 ../nios_sys_bsp/\libhal_bsp.a(alt_instruction_exception_entry.o)
 .debug_info    0x0000000000004a05       0xfe c:/intelfpga_lite/18.1/nios2eds/bin/gnu/h-x86_64-mingw32/bin/../lib/gcc/nios2-elf/5.3.0/../../../../../H-x86_64-mingw32/nios2-elf/lib/mno-hw-mul\libc.a(lib_a-atexit.o)
 .debug_info    0x0000000000004b03      0x8e4 c:/intelfpga_lite/18.1/nios2eds/bin/gnu/h-x86_64-mingw32/bin/../lib/gcc/nios2-elf/5.3.0/../../../../../H-x86_64-mingw32/nios2-elf/lib/mno-hw-mul\libc.a(lib_a-exit.o)
 .debug_info    0x00000000000053e7      0x8a1 c:/intelfpga_lite/18.1/nios2eds/bin/gnu/h-x86_64-mingw32/bin/../lib/gcc/nios2-elf/5.3.0/../../../../../H-x86_64-mingw32/nios2-elf/lib/mno-hw-mul\libc.a(lib_a-impure.o)
 .debug_info    0x0000000000005c88       0x8a c:/intelfpga_lite/18.1/nios2eds/bin/gnu/h-x86_64-mingw32/bin/../lib/gcc/nios2-elf/5.3.0/../../../../../H-x86_64-mingw32/nios2-elf/lib/mno-hw-mul\libc.a(lib_a-int_errno.o)
 .debug_info    0x0000000000005d12      0x11a c:/intelfpga_lite/18.1/nios2eds/bin/gnu/h-x86_64-mingw32/bin/../lib/gcc/nios2-elf/5.3.0/../../../../../H-x86_64-mingw32/nios2-elf/lib/mno-hw-mul\libc.a(lib_a-memcmp.o)
 .debug_info    0x0000000000005e2c      0x144 c:/intelfpga_lite/18.1/nios2eds/bin/gnu/h-x86_64-mingw32/bin/../lib/gcc/nios2-elf/5.3.0/../../../../../H-x86_64-mingw32/nios2-elf/lib/mno-hw-mul\libc.a(lib_a-memcpy.o)
 .debug_info    0x0000000000005f70       0xe2 c:/intelfpga_lite/18.1/nios2eds/bin/gnu/h-x86_64-mingw32/bin/../lib/gcc/nios2-elf/5.3.0/../../../../../H-x86_64-mingw32/nios2-elf/lib/mno-hw-mul\libc.a(lib_a-strlen.o)
 .debug_info    0x0000000000006052      0x934 c:/intelfpga_lite/18.1/nios2eds/bin/gnu/h-x86_64-mingw32/bin/../lib/gcc/nios2-elf/5.3.0/../../../../../H-x86_64-mingw32/nios2-elf/lib/mno-hw-mul\libc.a(lib_a-__atexit.o)
 .debug_info    0x0000000000006986      0x965 c:/intelfpga_lite/18.1/nios2eds/bin/gnu/h-x86_64-mingw32/bin/../lib/gcc/nios2-elf/5.3.0/../../../../../H-x86_64-mingw32/nios2-elf/lib/mno-hw-mul\libc.a(lib_a-__call_atexit.o)
 .debug_info    0x00000000000072eb       0xb4 c:/intelfpga_lite/18.1/nios2eds/bin/gnu/h-x86_64-mingw32/bin/../lib/gcc/nios2-elf/5.3.0/mno-hw-mul\libgcc.a(lib2-mul.o)
 .debug_info    0x000000000000739f       0xec ../nios_sys_bsp/\libhal_bsp.a(alt_exit.o)

.debug_abbrev   0x0000000000000000     0x28c8
 *(.debug_abbrev)
 .debug_abbrev  0x0000000000000000       0x12 ../nios_sys_bsp//obj/HAL/src/crt0.o
 .debug_abbrev  0x0000000000000012       0x14 obj/default/find_max.o
 .debug_abbrev  0x0000000000000026       0x9f ../nios_sys_bsp/\libhal_bsp.a(alt_load.o)
 .debug_abbrev  0x00000000000000c5       0xba ../nios_sys_bsp/\libhal_bsp.a(alt_main.o)
 .debug_abbrev  0x000000000000017f      0x187 ../nios_sys_bsp/\libhal_bsp.a(alt_sys_init.o)
 .debug_abbrev  0x0000000000000306      0x127 ../nios_sys_bsp/\libhal_bsp.a(altera_avalon_jtag_uart_fd.o)
 .debug_abbrev  0x000000000000042d      0x19e ../nios_sys_bsp/\libhal_bsp.a(altera_avalon_jtag_uart_init.o)
 .debug_abbrev  0x00000000000005cb      0x111 ../nios_sys_bsp/\libhal_bsp.a(altera_avalon_jtag_uart_ioctl.o)
 .debug_abbrev  0x00000000000006dc      0x1aa ../nios_sys_bsp/\libhal_bsp.a(altera_avalon_jtag_uart_read.o)
 .debug_abbrev  0x0000000000000886      0x1a8 ../nios_sys_bsp/\libhal_bsp.a(altera_avalon_jtag_uart_write.o)
 .debug_abbrev  0x0000000000000a2e      0x162 ../nios_sys_bsp/\libhal_bsp.a(alt_alarm_start.o)
 .debug_abbrev  0x0000000000000b90      0x11f ../nios_sys_bsp/\libhal_bsp.a(alt_close.o)
 .debug_abbrev  0x0000000000000caf       0x42 ../nios_sys_bsp/\libhal_bsp.a(alt_dcache_flush_all.o)
 .debug_abbrev  0x0000000000000cf1       0xd9 ../nios_sys_bsp/\libhal_bsp.a(alt_dev.o)
 .debug_abbrev  0x0000000000000dca      0x114 ../nios_sys_bsp/\libhal_bsp.a(alt_dev_llist_insert.o)
 .debug_abbrev  0x0000000000000ede       0x79 ../nios_sys_bsp/\libhal_bsp.a(alt_do_ctors.o)
 .debug_abbrev  0x0000000000000f57       0x79 ../nios_sys_bsp/\libhal_bsp.a(alt_do_dtors.o)
 .debug_abbrev  0x0000000000000fd0       0x5a ../nios_sys_bsp/\libhal_bsp.a(alt_errno.o)
 .debug_abbrev  0x000000000000102a       0x42 ../nios_sys_bsp/\libhal_bsp.a(alt_icache_flush_all.o)
 .debug_abbrev  0x000000000000106c      0x163 ../nios_sys_bsp/\libhal_bsp.a(alt_iic.o)
 .debug_abbrev  0x00000000000011cf      0x169 ../nios_sys_bsp/\libhal_bsp.a(alt_iic_isr_register.o)
 .debug_abbrev  0x0000000000001338      0x114 ../nios_sys_bsp/\libhal_bsp.a(alt_io_redirect.o)
 .debug_abbrev  0x000000000000144c       0x12 ../nios_sys_bsp/\libhal_bsp.a(alt_irq_entry.o)
 .debug_abbrev  0x000000000000145e      0x122 ../nios_sys_bsp/\libhal_bsp.a(alt_irq_handler.o)
 .debug_abbrev  0x0000000000001580       0x40 ../nios_sys_bsp/\libhal_bsp.a(alt_irq_vars.o)
 .debug_abbrev  0x00000000000015c0      0x148 ../nios_sys_bsp/\libhal_bsp.a(alt_open.o)
 .debug_abbrev  0x0000000000001708       0xde ../nios_sys_bsp/\libhal_bsp.a(alt_release_fd.o)
 .debug_abbrev  0x00000000000017e6      0x15a ../nios_sys_bsp/\libhal_bsp.a(alt_tick.o)
 .debug_abbrev  0x0000000000001940       0x42 ../nios_sys_bsp/\libhal_bsp.a(altera_nios2_gen2_irq.o)
 .debug_abbrev  0x0000000000001982       0x12 ../nios_sys_bsp/\libhal_bsp.a(alt_exception_entry.o)
 .debug_abbrev  0x0000000000001994       0xf0 ../nios_sys_bsp/\libhal_bsp.a(alt_find_dev.o)
 .debug_abbrev  0x0000000000001a84       0xf0 ../nios_sys_bsp/\libhal_bsp.a(alt_find_file.o)
 .debug_abbrev  0x0000000000001b74      0x10d ../nios_sys_bsp/\libhal_bsp.a(alt_get_fd.o)
 .debug_abbrev  0x0000000000001c81       0xdc ../nios_sys_bsp/\libhal_bsp.a(alt_instruction_exception_entry.o)
 .debug_abbrev  0x0000000000001d5d       0xaa c:/intelfpga_lite/18.1/nios2eds/bin/gnu/h-x86_64-mingw32/bin/../lib/gcc/nios2-elf/5.3.0/../../../../../H-x86_64-mingw32/nios2-elf/lib/mno-hw-mul\libc.a(lib_a-atexit.o)
 .debug_abbrev  0x0000000000001e07      0x1e5 c:/intelfpga_lite/18.1/nios2eds/bin/gnu/h-x86_64-mingw32/bin/../lib/gcc/nios2-elf/5.3.0/../../../../../H-x86_64-mingw32/nios2-elf/lib/mno-hw-mul\libc.a(lib_a-exit.o)
 .debug_abbrev  0x0000000000001fec      0x18f c:/intelfpga_lite/18.1/nios2eds/bin/gnu/h-x86_64-mingw32/bin/../lib/gcc/nios2-elf/5.3.0/../../../../../H-x86_64-mingw32/nios2-elf/lib/mno-hw-mul\libc.a(lib_a-impure.o)
 .debug_abbrev  0x000000000000217b       0x37 c:/intelfpga_lite/18.1/nios2eds/bin/gnu/h-x86_64-mingw32/bin/../lib/gcc/nios2-elf/5.3.0/../../../../../H-x86_64-mingw32/nios2-elf/lib/mno-hw-mul\libc.a(lib_a-int_errno.o)
 .debug_abbrev  0x00000000000021b2       0x7f c:/intelfpga_lite/18.1/nios2eds/bin/gnu/h-x86_64-mingw32/bin/../lib/gcc/nios2-elf/5.3.0/../../../../../H-x86_64-mingw32/nios2-elf/lib/mno-hw-mul\libc.a(lib_a-memcmp.o)
 .debug_abbrev  0x0000000000002231       0xa3 c:/intelfpga_lite/18.1/nios2eds/bin/gnu/h-x86_64-mingw32/bin/../lib/gcc/nios2-elf/5.3.0/../../../../../H-x86_64-mingw32/nios2-elf/lib/mno-hw-mul\libc.a(lib_a-memcpy.o)
 .debug_abbrev  0x00000000000022d4       0x90 c:/intelfpga_lite/18.1/nios2eds/bin/gnu/h-x86_64-mingw32/bin/../lib/gcc/nios2-elf/5.3.0/../../../../../H-x86_64-mingw32/nios2-elf/lib/mno-hw-mul\libc.a(lib_a-strlen.o)
 .debug_abbrev  0x0000000000002364      0x21e c:/intelfpga_lite/18.1/nios2eds/bin/gnu/h-x86_64-mingw32/bin/../lib/gcc/nios2-elf/5.3.0/../../../../../H-x86_64-mingw32/nios2-elf/lib/mno-hw-mul\libc.a(lib_a-__atexit.o)
 .debug_abbrev  0x0000000000002582      0x22e c:/intelfpga_lite/18.1/nios2eds/bin/gnu/h-x86_64-mingw32/bin/../lib/gcc/nios2-elf/5.3.0/../../../../../H-x86_64-mingw32/nios2-elf/lib/mno-hw-mul\libc.a(lib_a-__call_atexit.o)
 .debug_abbrev  0x00000000000027b0       0x6f c:/intelfpga_lite/18.1/nios2eds/bin/gnu/h-x86_64-mingw32/bin/../lib/gcc/nios2-elf/5.3.0/mno-hw-mul\libgcc.a(lib2-mul.o)
 .debug_abbrev  0x000000000000281f       0xa9 ../nios_sys_bsp/\libhal_bsp.a(alt_exit.o)

.debug_line     0x0000000000000000     0x295a
 *(.debug_line)
 .debug_line    0x0000000000000000       0x66 ../nios_sys_bsp//obj/HAL/src/crt0.o
 .debug_line    0x0000000000000066       0x46 obj/default/find_max.o
 .debug_line    0x00000000000000ac       0x8e ../nios_sys_bsp/\libhal_bsp.a(alt_load.o)
 .debug_line    0x000000000000013a       0xa4 ../nios_sys_bsp/\libhal_bsp.a(alt_main.o)
 .debug_line    0x00000000000001de      0x137 ../nios_sys_bsp/\libhal_bsp.a(alt_sys_init.o)
 .debug_line    0x0000000000000315      0x12f ../nios_sys_bsp/\libhal_bsp.a(altera_avalon_jtag_uart_fd.o)
 .debug_line    0x0000000000000444      0x18b ../nios_sys_bsp/\libhal_bsp.a(altera_avalon_jtag_uart_init.o)
 .debug_line    0x00000000000005cf      0x131 ../nios_sys_bsp/\libhal_bsp.a(altera_avalon_jtag_uart_ioctl.o)
 .debug_line    0x0000000000000700      0x171 ../nios_sys_bsp/\libhal_bsp.a(altera_avalon_jtag_uart_read.o)
 .debug_line    0x0000000000000871      0x170 ../nios_sys_bsp/\libhal_bsp.a(altera_avalon_jtag_uart_write.o)
 .debug_line    0x00000000000009e1       0xf9 ../nios_sys_bsp/\libhal_bsp.a(alt_alarm_start.o)
 .debug_line    0x0000000000000ada      0x165 ../nios_sys_bsp/\libhal_bsp.a(alt_close.o)
 .debug_line    0x0000000000000c3f       0x51 ../nios_sys_bsp/\libhal_bsp.a(alt_dcache_flush_all.o)
 .debug_line    0x0000000000000c90       0xf8 ../nios_sys_bsp/\libhal_bsp.a(alt_dev.o)
 .debug_line    0x0000000000000d88       0xcf ../nios_sys_bsp/\libhal_bsp.a(alt_dev_llist_insert.o)
 .debug_line    0x0000000000000e57       0x59 ../nios_sys_bsp/\libhal_bsp.a(alt_do_ctors.o)
 .debug_line    0x0000000000000eb0       0x59 ../nios_sys_bsp/\libhal_bsp.a(alt_do_dtors.o)
 .debug_line    0x0000000000000f09       0x51 ../nios_sys_bsp/\libhal_bsp.a(alt_errno.o)
 .debug_line    0x0000000000000f5a       0x4f ../nios_sys_bsp/\libhal_bsp.a(alt_icache_flush_all.o)
 .debug_line    0x0000000000000fa9       0xeb ../nios_sys_bsp/\libhal_bsp.a(alt_iic.o)
 .debug_line    0x0000000000001094       0xdb ../nios_sys_bsp/\libhal_bsp.a(alt_iic_isr_register.o)
 .debug_line    0x000000000000116f      0x135 ../nios_sys_bsp/\libhal_bsp.a(alt_io_redirect.o)
 .debug_line    0x00000000000012a4       0x6b ../nios_sys_bsp/\libhal_bsp.a(alt_irq_entry.o)
 .debug_line    0x000000000000130f       0xaa ../nios_sys_bsp/\libhal_bsp.a(alt_irq_handler.o)
 .debug_line    0x00000000000013b9       0x50 ../nios_sys_bsp/\libhal_bsp.a(alt_irq_vars.o)
 .debug_line    0x0000000000001409      0x12b ../nios_sys_bsp/\libhal_bsp.a(alt_open.o)
 .debug_line    0x0000000000001534       0xb0 ../nios_sys_bsp/\libhal_bsp.a(alt_release_fd.o)
 .debug_line    0x00000000000015e4       0xff ../nios_sys_bsp/\libhal_bsp.a(alt_tick.o)
 .debug_line    0x00000000000016e3       0x51 ../nios_sys_bsp/\libhal_bsp.a(altera_nios2_gen2_irq.o)
 .debug_line    0x0000000000001734       0xb3 ../nios_sys_bsp/\libhal_bsp.a(alt_exception_entry.o)
 .debug_line    0x00000000000017e7       0xb5 ../nios_sys_bsp/\libhal_bsp.a(alt_find_dev.o)
 .debug_line    0x000000000000189c       0xd1 ../nios_sys_bsp/\libhal_bsp.a(alt_find_file.o)
 .debug_line    0x000000000000196d       0xd7 ../nios_sys_bsp/\libhal_bsp.a(alt_get_fd.o)
 .debug_line    0x0000000000001a44       0xb9 ../nios_sys_bsp/\libhal_bsp.a(alt_instruction_exception_entry.o)
 .debug_line    0x0000000000001afd       0xe7 c:/intelfpga_lite/18.1/nios2eds/bin/gnu/h-x86_64-mingw32/bin/../lib/gcc/nios2-elf/5.3.0/../../../../../H-x86_64-mingw32/nios2-elf/lib/mno-hw-mul\libc.a(lib_a-atexit.o)
 .debug_line    0x0000000000001be4      0x1fc c:/intelfpga_lite/18.1/nios2eds/bin/gnu/h-x86_64-mingw32/bin/../lib/gcc/nios2-elf/5.3.0/../../../../../H-x86_64-mingw32/nios2-elf/lib/mno-hw-mul\libc.a(lib_a-exit.o)
 .debug_line    0x0000000000001de0      0x160 c:/intelfpga_lite/18.1/nios2eds/bin/gnu/h-x86_64-mingw32/bin/../lib/gcc/nios2-elf/5.3.0/../../../../../H-x86_64-mingw32/nios2-elf/lib/mno-hw-mul\libc.a(lib_a-impure.o)
 .debug_line    0x0000000000001f40       0x5f c:/intelfpga_lite/18.1/nios2eds/bin/gnu/h-x86_64-mingw32/bin/../lib/gcc/nios2-elf/5.3.0/../../../../../H-x86_64-mingw32/nios2-elf/lib/mno-hw-mul\libc.a(lib_a-int_errno.o)
 .debug_line    0x0000000000001f9f      0x176 c:/intelfpga_lite/18.1/nios2eds/bin/gnu/h-x86_64-mingw32/bin/../lib/gcc/nios2-elf/5.3.0/../../../../../H-x86_64-mingw32/nios2-elf/lib/mno-hw-mul\libc.a(lib_a-memcmp.o)
 .debug_line    0x0000000000002115      0x18c c:/intelfpga_lite/18.1/nios2eds/bin/gnu/h-x86_64-mingw32/bin/../lib/gcc/nios2-elf/5.3.0/../../../../../H-x86_64-mingw32/nios2-elf/lib/mno-hw-mul\libc.a(lib_a-memcpy.o)
 .debug_line    0x00000000000022a1      0x16f c:/intelfpga_lite/18.1/nios2eds/bin/gnu/h-x86_64-mingw32/bin/../lib/gcc/nios2-elf/5.3.0/../../../../../H-x86_64-mingw32/nios2-elf/lib/mno-hw-mul\libc.a(lib_a-strlen.o)
 .debug_line    0x0000000000002410      0x21f c:/intelfpga_lite/18.1/nios2eds/bin/gnu/h-x86_64-mingw32/bin/../lib/gcc/nios2-elf/5.3.0/../../../../../H-x86_64-mingw32/nios2-elf/lib/mno-hw-mul\libc.a(lib_a-__atexit.o)
 .debug_line    0x000000000000262f      0x23a c:/intelfpga_lite/18.1/nios2eds/bin/gnu/h-x86_64-mingw32/bin/../lib/gcc/nios2-elf/5.3.0/../../../../../H-x86_64-mingw32/nios2-elf/lib/mno-hw-mul\libc.a(lib_a-__call_atexit.o)
 .debug_line    0x0000000000002869       0x80 c:/intelfpga_lite/18.1/nios2eds/bin/gnu/h-x86_64-mingw32/bin/../lib/gcc/nios2-elf/5.3.0/mno-hw-mul\libgcc.a(lib2-mul.o)
 .debug_line    0x00000000000028e9       0x71 ../nios_sys_bsp/\libhal_bsp.a(alt_exit.o)

.debug_frame    0x0000000000000000      0xa78
 *(.debug_frame)
 .debug_frame   0x0000000000000000       0x5c ../nios_sys_bsp/\libhal_bsp.a(alt_load.o)
 .debug_frame   0x000000000000005c       0x2c ../nios_sys_bsp/\libhal_bsp.a(alt_main.o)
 .debug_frame   0x0000000000000088       0x88 ../nios_sys_bsp/\libhal_bsp.a(alt_sys_init.o)
 .debug_frame   0x0000000000000110       0xb0 ../nios_sys_bsp/\libhal_bsp.a(altera_avalon_jtag_uart_fd.o)
 .debug_frame   0x00000000000001c0       0xa4 ../nios_sys_bsp/\libhal_bsp.a(altera_avalon_jtag_uart_init.o)
 .debug_frame   0x0000000000000264       0x34 ../nios_sys_bsp/\libhal_bsp.a(altera_avalon_jtag_uart_ioctl.o)
 .debug_frame   0x0000000000000298       0x38 ../nios_sys_bsp/\libhal_bsp.a(altera_avalon_jtag_uart_read.o)
 .debug_frame   0x00000000000002d0       0x38 ../nios_sys_bsp/\libhal_bsp.a(altera_avalon_jtag_uart_write.o)
 .debug_frame   0x0000000000000308       0x34 ../nios_sys_bsp/\libhal_bsp.a(alt_alarm_start.o)
 .debug_frame   0x000000000000033c       0x60 ../nios_sys_bsp/\libhal_bsp.a(alt_close.o)
 .debug_frame   0x000000000000039c       0x34 ../nios_sys_bsp/\libhal_bsp.a(alt_dcache_flush_all.o)
 .debug_frame   0x00000000000003d0       0x34 ../nios_sys_bsp/\libhal_bsp.a(alt_dev.o)
 .debug_frame   0x0000000000000404       0x60 ../nios_sys_bsp/\libhal_bsp.a(alt_dev_llist_insert.o)
 .debug_frame   0x0000000000000464       0x38 ../nios_sys_bsp/\libhal_bsp.a(alt_do_ctors.o)
 .debug_frame   0x000000000000049c       0x38 ../nios_sys_bsp/\libhal_bsp.a(alt_do_dtors.o)
 .debug_frame   0x00000000000004d4       0x34 ../nios_sys_bsp/\libhal_bsp.a(alt_icache_flush_all.o)
 .debug_frame   0x0000000000000508       0xa4 ../nios_sys_bsp/\libhal_bsp.a(alt_iic.o)
 .debug_frame   0x00000000000005ac       0x38 ../nios_sys_bsp/\libhal_bsp.a(alt_iic_isr_register.o)
 .debug_frame   0x00000000000005e4       0x64 ../nios_sys_bsp/\libhal_bsp.a(alt_io_redirect.o)
 .debug_frame   0x0000000000000648       0x38 ../nios_sys_bsp/\libhal_bsp.a(alt_irq_handler.o)
 .debug_frame   0x0000000000000680       0x8c ../nios_sys_bsp/\libhal_bsp.a(alt_open.o)
 .debug_frame   0x000000000000070c       0x3c ../nios_sys_bsp/\libhal_bsp.a(alt_release_fd.o)
 .debug_frame   0x0000000000000748       0x5c ../nios_sys_bsp/\libhal_bsp.a(alt_tick.o)
 .debug_frame   0x00000000000007a4       0x34 ../nios_sys_bsp/\libhal_bsp.a(altera_nios2_gen2_irq.o)
 .debug_frame   0x00000000000007d8       0x38 ../nios_sys_bsp/\libhal_bsp.a(alt_find_dev.o)
 .debug_frame   0x0000000000000810       0x38 ../nios_sys_bsp/\libhal_bsp.a(alt_find_file.o)
 .debug_frame   0x0000000000000848       0x3c ../nios_sys_bsp/\libhal_bsp.a(alt_get_fd.o)
 .debug_frame   0x0000000000000884       0x5c ../nios_sys_bsp/\libhal_bsp.a(alt_instruction_exception_entry.o)
 .debug_frame   0x00000000000008e0       0x20 c:/intelfpga_lite/18.1/nios2eds/bin/gnu/h-x86_64-mingw32/bin/../lib/gcc/nios2-elf/5.3.0/../../../../../H-x86_64-mingw32/nios2-elf/lib/mno-hw-mul\libc.a(lib_a-atexit.o)
 .debug_frame   0x0000000000000900       0x28 c:/intelfpga_lite/18.1/nios2eds/bin/gnu/h-x86_64-mingw32/bin/../lib/gcc/nios2-elf/5.3.0/../../../../../H-x86_64-mingw32/nios2-elf/lib/mno-hw-mul\libc.a(lib_a-exit.o)
 .debug_frame   0x0000000000000928       0x20 c:/intelfpga_lite/18.1/nios2eds/bin/gnu/h-x86_64-mingw32/bin/../lib/gcc/nios2-elf/5.3.0/../../../../../H-x86_64-mingw32/nios2-elf/lib/mno-hw-mul\libc.a(lib_a-memcmp.o)
 .debug_frame   0x0000000000000948       0x38 c:/intelfpga_lite/18.1/nios2eds/bin/gnu/h-x86_64-mingw32/bin/../lib/gcc/nios2-elf/5.3.0/../../../../../H-x86_64-mingw32/nios2-elf/lib/mno-hw-mul\libc.a(lib_a-memcpy.o)
 .debug_frame   0x0000000000000980       0x20 c:/intelfpga_lite/18.1/nios2eds/bin/gnu/h-x86_64-mingw32/bin/../lib/gcc/nios2-elf/5.3.0/../../../../../H-x86_64-mingw32/nios2-elf/lib/mno-hw-mul\libc.a(lib_a-strlen.o)
 .debug_frame   0x00000000000009a0       0x38 c:/intelfpga_lite/18.1/nios2eds/bin/gnu/h-x86_64-mingw32/bin/../lib/gcc/nios2-elf/5.3.0/../../../../../H-x86_64-mingw32/nios2-elf/lib/mno-hw-mul\libc.a(lib_a-__atexit.o)
 .debug_frame   0x00000000000009d8       0x54 c:/intelfpga_lite/18.1/nios2eds/bin/gnu/h-x86_64-mingw32/bin/../lib/gcc/nios2-elf/5.3.0/../../../../../H-x86_64-mingw32/nios2-elf/lib/mno-hw-mul\libc.a(lib_a-__call_atexit.o)
 .debug_frame   0x0000000000000a2c       0x20 c:/intelfpga_lite/18.1/nios2eds/bin/gnu/h-x86_64-mingw32/bin/../lib/gcc/nios2-elf/5.3.0/mno-hw-mul\libgcc.a(lib2-mul.o)
 .debug_frame   0x0000000000000a4c       0x2c ../nios_sys_bsp/\libhal_bsp.a(alt_exit.o)

.debug_str      0x0000000000000000     0x1b0a
 *(.debug_str)
 .debug_str     0x0000000000000000      0x1d0 ../nios_sys_bsp/\libhal_bsp.a(alt_load.o)
                                        0x209 (size before relaxing)
 .debug_str     0x00000000000001d0       0x70 ../nios_sys_bsp/\libhal_bsp.a(alt_main.o)
                                        0x194 (size before relaxing)
 .debug_str     0x0000000000000240      0x1a2 ../nios_sys_bsp/\libhal_bsp.a(alt_sys_init.o)
                                        0x34f (size before relaxing)
 .debug_str     0x00000000000003e2       0xb9 ../nios_sys_bsp/\libhal_bsp.a(altera_avalon_jtag_uart_fd.o)
                                        0x39b (size before relaxing)
 .debug_str     0x000000000000049b       0xd1 ../nios_sys_bsp/\libhal_bsp.a(altera_avalon_jtag_uart_init.o)
                                        0x32f (size before relaxing)
 .debug_str     0x000000000000056c       0x4a ../nios_sys_bsp/\libhal_bsp.a(altera_avalon_jtag_uart_ioctl.o)
                                        0x28a (size before relaxing)
 .debug_str     0x00000000000005b6       0x7f ../nios_sys_bsp/\libhal_bsp.a(altera_avalon_jtag_uart_read.o)
                                        0x2df (size before relaxing)
 .debug_str     0x0000000000000635       0x4a ../nios_sys_bsp/\libhal_bsp.a(altera_avalon_jtag_uart_write.o)
                                        0x2e0 (size before relaxing)
 .debug_str     0x000000000000067f       0x59 ../nios_sys_bsp/\libhal_bsp.a(alt_alarm_start.o)
                                        0x275 (size before relaxing)
 .debug_str     0x00000000000006d8       0x44 ../nios_sys_bsp/\libhal_bsp.a(alt_close.o)
                                        0x202 (size before relaxing)
 .debug_str     0x000000000000071c       0x34 ../nios_sys_bsp/\libhal_bsp.a(alt_dcache_flush_all.o)
                                        0x14c (size before relaxing)
 .debug_str     0x0000000000000750      0x120 ../nios_sys_bsp/\libhal_bsp.a(alt_dev.o)
                                        0x2fc (size before relaxing)
 .debug_str     0x0000000000000870       0x34 ../nios_sys_bsp/\libhal_bsp.a(alt_dev_llist_insert.o)
                                        0x1c3 (size before relaxing)
 .debug_str     0x00000000000008a4       0x48 ../nios_sys_bsp/\libhal_bsp.a(alt_do_ctors.o)
                                         0xc7 (size before relaxing)
 .debug_str     0x00000000000008ec       0x4c ../nios_sys_bsp/\libhal_bsp.a(alt_do_dtors.o)
                                         0xc6 (size before relaxing)
 .debug_str     0x0000000000000938       0x14 ../nios_sys_bsp/\libhal_bsp.a(alt_errno.o)
                                        0x13c (size before relaxing)
 .debug_str     0x000000000000094c       0x34 ../nios_sys_bsp/\libhal_bsp.a(alt_icache_flush_all.o)
                                        0x14c (size before relaxing)
 .debug_str     0x0000000000000980       0xc4 ../nios_sys_bsp/\libhal_bsp.a(alt_iic.o)
                                        0x235 (size before relaxing)
 .debug_str     0x0000000000000a44       0x4c ../nios_sys_bsp/\libhal_bsp.a(alt_iic_isr_register.o)
                                        0x1df (size before relaxing)
 .debug_str     0x0000000000000a90       0x56 ../nios_sys_bsp/\libhal_bsp.a(alt_io_redirect.o)
                                        0x30d (size before relaxing)
 .debug_str     0x0000000000000ae6       0x3a ../nios_sys_bsp/\libhal_bsp.a(alt_irq_handler.o)
                                        0x18e (size before relaxing)
 .debug_str     0x0000000000000b20       0x17 ../nios_sys_bsp/\libhal_bsp.a(alt_irq_vars.o)
                                        0x131 (size before relaxing)
 .debug_str     0x0000000000000b37       0x2f ../nios_sys_bsp/\libhal_bsp.a(alt_open.o)
                                        0x242 (size before relaxing)
 .debug_str     0x0000000000000b66       0x28 ../nios_sys_bsp/\libhal_bsp.a(alt_release_fd.o)
                                        0x1ca (size before relaxing)
 .debug_str     0x0000000000000b8e       0x4a ../nios_sys_bsp/\libhal_bsp.a(alt_tick.o)
                                        0x249 (size before relaxing)
 .debug_str     0x0000000000000bd8       0x3b ../nios_sys_bsp/\libhal_bsp.a(altera_nios2_gen2_irq.o)
                                        0x153 (size before relaxing)
 .debug_str     0x0000000000000c13       0x24 ../nios_sys_bsp/\libhal_bsp.a(alt_find_dev.o)
                                        0x1e3 (size before relaxing)
 .debug_str     0x0000000000000c37       0x26 ../nios_sys_bsp/\libhal_bsp.a(alt_find_file.o)
                                        0x1f1 (size before relaxing)
 .debug_str     0x0000000000000c5d       0x30 ../nios_sys_bsp/\libhal_bsp.a(alt_get_fd.o)
                                        0x213 (size before relaxing)
 .debug_str     0x0000000000000c8d      0x48b ../nios_sys_bsp/\libhal_bsp.a(alt_instruction_exception_entry.o)
                                        0x597 (size before relaxing)
 .debug_str     0x0000000000001118      0x17c c:/intelfpga_lite/18.1/nios2eds/bin/gnu/h-x86_64-mingw32/bin/../lib/gcc/nios2-elf/5.3.0/../../../../../H-x86_64-mingw32/nios2-elf/lib/mno-hw-mul\libc.a(lib_a-atexit.o)
                                        0x221 (size before relaxing)
 .debug_str     0x0000000000001294      0x3b5 c:/intelfpga_lite/18.1/nios2eds/bin/gnu/h-x86_64-mingw32/bin/../lib/gcc/nios2-elf/5.3.0/../../../../../H-x86_64-mingw32/nios2-elf/lib/mno-hw-mul\libc.a(lib_a-exit.o)
                                        0x5be (size before relaxing)
 .debug_str     0x0000000000001649       0xd6 c:/intelfpga_lite/18.1/nios2eds/bin/gnu/h-x86_64-mingw32/bin/../lib/gcc/nios2-elf/5.3.0/../../../../../H-x86_64-mingw32/nios2-elf/lib/mno-hw-mul\libc.a(lib_a-impure.o)
                                        0x5b5 (size before relaxing)
 .debug_str     0x000000000000171f       0x3f c:/intelfpga_lite/18.1/nios2eds/bin/gnu/h-x86_64-mingw32/bin/../lib/gcc/nios2-elf/5.3.0/../../../../../H-x86_64-mingw32/nios2-elf/lib/mno-hw-mul\libc.a(lib_a-int_errno.o)
                                        0x1dd (size before relaxing)
 .debug_str     0x000000000000175e       0xda c:/intelfpga_lite/18.1/nios2eds/bin/gnu/h-x86_64-mingw32/bin/../lib/gcc/nios2-elf/5.3.0/../../../../../H-x86_64-mingw32/nios2-elf/lib/mno-hw-mul\libc.a(lib_a-memcmp.o)
                                        0x1e4 (size before relaxing)
 .debug_str     0x0000000000001838       0x6b c:/intelfpga_lite/18.1/nios2eds/bin/gnu/h-x86_64-mingw32/bin/../lib/gcc/nios2-elf/5.3.0/../../../../../H-x86_64-mingw32/nios2-elf/lib/mno-hw-mul\libc.a(lib_a-memcpy.o)
                                        0x20b (size before relaxing)
 .debug_str     0x00000000000018a3       0x51 c:/intelfpga_lite/18.1/nios2eds/bin/gnu/h-x86_64-mingw32/bin/../lib/gcc/nios2-elf/5.3.0/../../../../../H-x86_64-mingw32/nios2-elf/lib/mno-hw-mul\libc.a(lib_a-strlen.o)
                                        0x1f7 (size before relaxing)
 .debug_str     0x00000000000018f4       0x3f c:/intelfpga_lite/18.1/nios2eds/bin/gnu/h-x86_64-mingw32/bin/../lib/gcc/nios2-elf/5.3.0/../../../../../H-x86_64-mingw32/nios2-elf/lib/mno-hw-mul\libc.a(lib_a-__atexit.o)
                                        0x5f6 (size before relaxing)
 .debug_str     0x0000000000001933       0x65 c:/intelfpga_lite/18.1/nios2eds/bin/gnu/h-x86_64-mingw32/bin/../lib/gcc/nios2-elf/5.3.0/../../../../../H-x86_64-mingw32/nios2-elf/lib/mno-hw-mul\libc.a(lib_a-__call_atexit.o)
                                        0x5e2 (size before relaxing)
 .debug_str     0x0000000000001998      0x148 c:/intelfpga_lite/18.1/nios2eds/bin/gnu/h-x86_64-mingw32/bin/../lib/gcc/nios2-elf/5.3.0/mno-hw-mul\libgcc.a(lib2-mul.o)
                                        0x193 (size before relaxing)
 .debug_str     0x0000000000001ae0       0x2a ../nios_sys_bsp/\libhal_bsp.a(alt_exit.o)
                                        0x148 (size before relaxing)

.debug_loc      0x0000000000000000      0x803
 *(.debug_loc)
 .debug_loc     0x0000000000000000       0x2c c:/intelfpga_lite/18.1/nios2eds/bin/gnu/h-x86_64-mingw32/bin/../lib/gcc/nios2-elf/5.3.0/../../../../../H-x86_64-mingw32/nios2-elf/lib/mno-hw-mul\libc.a(lib_a-atexit.o)
 .debug_loc     0x000000000000002c       0x1e c:/intelfpga_lite/18.1/nios2eds/bin/gnu/h-x86_64-mingw32/bin/../lib/gcc/nios2-elf/5.3.0/../../../../../H-x86_64-mingw32/nios2-elf/lib/mno-hw-mul\libc.a(lib_a-exit.o)
 .debug_loc     0x000000000000004a      0x126 c:/intelfpga_lite/18.1/nios2eds/bin/gnu/h-x86_64-mingw32/bin/../lib/gcc/nios2-elf/5.3.0/../../../../../H-x86_64-mingw32/nios2-elf/lib/mno-hw-mul\libc.a(lib_a-memcmp.o)
 .debug_loc     0x0000000000000170      0x266 c:/intelfpga_lite/18.1/nios2eds/bin/gnu/h-x86_64-mingw32/bin/../lib/gcc/nios2-elf/5.3.0/../../../../../H-x86_64-mingw32/nios2-elf/lib/mno-hw-mul\libc.a(lib_a-memcpy.o)
 .debug_loc     0x00000000000003d6       0x47 c:/intelfpga_lite/18.1/nios2eds/bin/gnu/h-x86_64-mingw32/bin/../lib/gcc/nios2-elf/5.3.0/../../../../../H-x86_64-mingw32/nios2-elf/lib/mno-hw-mul\libc.a(lib_a-strlen.o)
 .debug_loc     0x000000000000041d      0x185 c:/intelfpga_lite/18.1/nios2eds/bin/gnu/h-x86_64-mingw32/bin/../lib/gcc/nios2-elf/5.3.0/../../../../../H-x86_64-mingw32/nios2-elf/lib/mno-hw-mul\libc.a(lib_a-__atexit.o)
 .debug_loc     0x00000000000005a2      0x1ce c:/intelfpga_lite/18.1/nios2eds/bin/gnu/h-x86_64-mingw32/bin/../lib/gcc/nios2-elf/5.3.0/../../../../../H-x86_64-mingw32/nios2-elf/lib/mno-hw-mul\libc.a(lib_a-__call_atexit.o)
 .debug_loc     0x0000000000000770       0x93 c:/intelfpga_lite/18.1/nios2eds/bin/gnu/h-x86_64-mingw32/bin/../lib/gcc/nios2-elf/5.3.0/mno-hw-mul\libgcc.a(lib2-mul.o)

.debug_macinfo
 *(.debug_macinfo)

.debug_weaknames
 *(.debug_weaknames)

.debug_funcnames
 *(.debug_funcnames)

.debug_typenames
 *(.debug_typenames)

.debug_varnames
 *(.debug_varnames)

.debug_alt_sim_info
                0x0000000000000000       0x10
 *(.debug_alt_sim_info)
 .debug_alt_sim_info
                0x0000000000000000       0x10 ../nios_sys_bsp//obj/HAL/src/crt0.o
                0x0000000000010000                __alt_data_end = 0x10000
                0x0000000000010000                PROVIDE (__alt_stack_pointer, __alt_data_end)
                [!provide]                        PROVIDE (__alt_stack_limit, __alt_stack_base)
                [!provide]                        PROVIDE (__alt_heap_start, end)
                [!provide]                        PROVIDE (__alt_heap_limit, 0x10000)
OUTPUT(nios_sys.elf elf32-littlenios2)

.debug_ranges   0x0000000000000000      0x178
 .debug_ranges  0x0000000000000000       0x20 ../nios_sys_bsp//obj/HAL/src/crt0.o
 .debug_ranges  0x0000000000000020       0x30 ../nios_sys_bsp/\libhal_bsp.a(altera_avalon_jtag_uart_init.o)
 .debug_ranges  0x0000000000000050       0x18 ../nios_sys_bsp/\libhal_bsp.a(altera_avalon_jtag_uart_read.o)
 .debug_ranges  0x0000000000000068       0x28 ../nios_sys_bsp/\libhal_bsp.a(alt_irq_entry.o)
 .debug_ranges  0x0000000000000090       0x10 ../nios_sys_bsp/\libhal_bsp.a(alt_irq_handler.o)
 .debug_ranges  0x00000000000000a0       0x30 ../nios_sys_bsp/\libhal_bsp.a(alt_exception_entry.o)
 .debug_ranges  0x00000000000000d0       0x18 ../nios_sys_bsp/\libhal_bsp.a(alt_instruction_exception_entry.o)
 .debug_ranges  0x00000000000000e8       0x10 c:/intelfpga_lite/18.1/nios2eds/bin/gnu/h-x86_64-mingw32/bin/../lib/gcc/nios2-elf/5.3.0/../../../../../H-x86_64-mingw32/nios2-elf/lib/mno-hw-mul\libc.a(lib_a-atexit.o)
 .debug_ranges  0x00000000000000f8       0x10 c:/intelfpga_lite/18.1/nios2eds/bin/gnu/h-x86_64-mingw32/bin/../lib/gcc/nios2-elf/5.3.0/../../../../../H-x86_64-mingw32/nios2-elf/lib/mno-hw-mul\libc.a(lib_a-exit.o)
 .debug_ranges  0x0000000000000108       0x10 c:/intelfpga_lite/18.1/nios2eds/bin/gnu/h-x86_64-mingw32/bin/../lib/gcc/nios2-elf/5.3.0/../../../../../H-x86_64-mingw32/nios2-elf/lib/mno-hw-mul\libc.a(lib_a-memcmp.o)
 .debug_ranges  0x0000000000000118       0x10 c:/intelfpga_lite/18.1/nios2eds/bin/gnu/h-x86_64-mingw32/bin/../lib/gcc/nios2-elf/5.3.0/../../../../../H-x86_64-mingw32/nios2-elf/lib/mno-hw-mul\libc.a(lib_a-memcpy.o)
 .debug_ranges  0x0000000000000128       0x10 c:/intelfpga_lite/18.1/nios2eds/bin/gnu/h-x86_64-mingw32/bin/../lib/gcc/nios2-elf/5.3.0/../../../../../H-x86_64-mingw32/nios2-elf/lib/mno-hw-mul\libc.a(lib_a-strlen.o)
 .debug_ranges  0x0000000000000138       0x10 c:/intelfpga_lite/18.1/nios2eds/bin/gnu/h-x86_64-mingw32/bin/../lib/gcc/nios2-elf/5.3.0/../../../../../H-x86_64-mingw32/nios2-elf/lib/mno-hw-mul\libc.a(lib_a-__atexit.o)
 .debug_ranges  0x0000000000000148       0x30 c:/intelfpga_lite/18.1/nios2eds/bin/gnu/h-x86_64-mingw32/bin/../lib/gcc/nios2-elf/5.3.0/../../../../../H-x86_64-mingw32/nios2-elf/lib/mno-hw-mul\libc.a(lib_a-__call_atexit.o)
